#
# There is insufficient memory for the Java Runtime Environment to continue.
# Native memory allocation (mmap) failed to map 12582912 bytes for G1 virtual space
# Possible reasons:
#   The system is out of physical RAM or swap space
#   The process is running with CompressedOops enabled, and the Java Heap may be blocking the growth of the native heap
# Possible solutions:
#   Reduce memory load on the system
#   Increase physical memory or swap space
#   Check if swap backing store is full
#   Decrease Java heap size (-Xmx/-Xms)
#   Decrease number of Java threads
#   Decrease Java thread stack sizes (-Xss)
#   Set larger code cache with -XX:ReservedCodeCacheSize=
#   JVM is running with Unscaled Compressed Oops mode in which the Java heap is
#     placed in the first 4GB address space. The Java Heap base address is the
#     maximum limit for the native heap growth. Please use -XX:HeapBaseMinAddress
#     to set the Java Heap base and to place the Java Heap above 4GB virtual address.
# This output file may be truncated or incomplete.
#
#  Out of Memory Error (os_windows.cpp:3825), pid=57044, tid=61720
#
# JRE version: OpenJDK Runtime Environment (17.0.10) (build 17.0.10+0--11609105)
# Java VM: OpenJDK 64-Bit Server VM (17.0.10+0--11609105, mixed mode, tiered, compressed oops, compressed class ptrs, g1 gc, windows-amd64)
# No core dump will be written. Minidumps are not enabled by default on client versions of Windows
#

---------------  S U M M A R Y ------------

Command Line: --add-opens=java.base/java.util=ALL-UNNAMED --add-opens=java.base/java.lang=ALL-UNNAMED --add-opens=java.base/java.lang.invoke=ALL-UNNAMED --add-opens=java.prefs/java.util.prefs=ALL-UNNAMED --add-opens=java.base/java.nio.charset=ALL-UNNAMED --add-opens=java.base/java.net=ALL-UNNAMED --add-opens=java.base/java.util.concurrent.atomic=ALL-UNNAMED -Xmx2048m -Dfile.encoding=UTF-8 -Duser.country=IN -Duser.language=en -Duser.variant -javaagent:C:\Users\aman2\.gradle\wrapper\dists\gradle-8.7-bin\bhs2wmbdwecv87pi65oeuq5iu\gradle-8.7\lib\agents\gradle-instrumentation-agent-8.7.jar org.gradle.launcher.daemon.bootstrap.GradleDaemon 8.7

Host: Intel(R) Core(TM) i5-10300H CPU @ 2.50GHz, 8 cores, 7G,  Windows 10 , 64 bit Build 19041 (10.0.19041.5915)
Time: Wed Dec 17 22:03:42 2025 India Standard Time elapsed time: 6.358998 seconds (0d 0h 0m 6s)

---------------  T H R E A D  ---------------

Current thread (0x0000025834ec8940):  VMThread "VM Thread" [stack: 0x000000c81e900000,0x000000c81ea00000] [id=61720]

Stack: [0x000000c81e900000,0x000000c81ea00000]
Native frames: (J=compiled Java code, j=interpreted, Vv=VM code, C=native code)
V  [jvm.dll+0x688de9]
V  [jvm.dll+0x8423da]
V  [jvm.dll+0x84401e]
V  [jvm.dll+0x844683]
V  [jvm.dll+0x24be0f]
V  [jvm.dll+0x685bb9]
V  [jvm.dll+0x67a46a]
V  [jvm.dll+0x30cbab]
V  [jvm.dll+0x314056]
V  [jvm.dll+0x363dce]
V  [jvm.dll+0x363fff]
V  [jvm.dll+0x2e2978]
V  [jvm.dll+0x2e5a66]
V  [jvm.dll+0x2f027a]
V  [jvm.dll+0x325240]
V  [jvm.dll+0x848d7b]
V  [jvm.dll+0x849ac1]
V  [jvm.dll+0x849fdd]
V  [jvm.dll+0x84a3b4]
V  [jvm.dll+0x84a480]
V  [jvm.dll+0x7f0c7a]
V  [jvm.dll+0x687c65]
C  [ucrtbase.dll+0x21bb2]
C  [KERNEL32.DLL+0x17374]
C  [ntdll.dll+0x4cc91]

VM_Operation (0x000000c81e5ff7e0): G1PauseRemark, mode: safepoint, requested by thread 0x000002581b0c11a0


---------------  P R O C E S S  ---------------

Threads class SMR info:
_java_thread_list=0x000002583e12e290, length=48, elements={
0x000002581b052390, 0x0000025834ecb470, 0x0000025834ecc200, 0x000002583903a4d0,
0x000002583903bdb0, 0x000002583903c680, 0x000002583903cf50, 0x000002583903db50,
0x0000025839041960, 0x000002583904c290, 0x0000025834e573e0, 0x00000258392daa10,
0x000002583b302c40, 0x000002583a8a1b70, 0x000002583b618010, 0x000002583a9e9880,
0x000002583a9e9d60, 0x000002583a398180, 0x000002583a39aa00, 0x000002583a398ba0,
0x000002583a39b420, 0x000002583a399ad0, 0x000002583a398690, 0x000002583a3990b0,
0x000002583a3995c0, 0x000002583b68f530, 0x000002583bfe6b70, 0x000002583bfec180,
0x000002583bfebc70, 0x000002583bfe7590, 0x000002583bfe7080, 0x000002583bfecba0,
0x000002583bfed0b0, 0x000002583bfedad0, 0x000002583bfea830, 0x000002583bfe89d0,
0x000002583bfe93f0, 0x000002583bfead40, 0x000002583bfe6660, 0x000002583bfe9e10,
0x000002583bfea320, 0x000002583bfeb250, 0x000002583bfeb760, 0x000002583a39a4f0,
0x0000025839e7e150, 0x0000025839e7e660, 0x0000025839e7eb70, 0x0000025839e7d730
}

Java Threads: ( => current thread )
  0x000002581b052390 JavaThread "main" [_thread_blocked, id=33036, stack(0x000000c81e300000,0x000000c81e400000)]
  0x0000025834ecb470 JavaThread "Reference Handler" daemon [_thread_blocked, id=62324, stack(0x000000c81ea00000,0x000000c81eb00000)]
  0x0000025834ecc200 JavaThread "Finalizer" daemon [_thread_blocked, id=69448, stack(0x000000c81eb00000,0x000000c81ec00000)]
  0x000002583903a4d0 JavaThread "Signal Dispatcher" daemon [_thread_blocked, id=63288, stack(0x000000c81ec00000,0x000000c81ed00000)]
  0x000002583903bdb0 JavaThread "Attach Listener" daemon [_thread_blocked, id=18996, stack(0x000000c81ed00000,0x000000c81ee00000)]
  0x000002583903c680 JavaThread "Service Thread" daemon [_thread_blocked, id=22680, stack(0x000000c81ee00000,0x000000c81ef00000)]
  0x000002583903cf50 JavaThread "Monitor Deflation Thread" daemon [_thread_blocked, id=72092, stack(0x000000c81ef00000,0x000000c81f000000)]
  0x000002583903db50 JavaThread "C2 CompilerThread0" daemon [_thread_blocked, id=26124, stack(0x000000c81f000000,0x000000c81f100000)]
  0x0000025839041960 JavaThread "C1 CompilerThread0" daemon [_thread_blocked, id=68792, stack(0x000000c81f100000,0x000000c81f200000)]
  0x000002583904c290 JavaThread "Sweeper thread" daemon [_thread_blocked, id=49832, stack(0x000000c81f200000,0x000000c81f300000)]
  0x0000025834e573e0 JavaThread "Common-Cleaner" daemon [_thread_blocked, id=70596, stack(0x000000c81f300000,0x000000c81f400000)]
  0x00000258392daa10 JavaThread "Notification Thread" daemon [_thread_blocked, id=64768, stack(0x000000c81f400000,0x000000c81f500000)]
  0x000002583b302c40 JavaThread "Daemon health stats" [_thread_blocked, id=22332, stack(0x000000c81fb00000,0x000000c81fc00000)]
  0x000002583a8a1b70 JavaThread "Incoming local TCP Connector on port 61192" [_thread_in_native, id=66776, stack(0x000000c81fc00000,0x000000c81fd00000)]
  0x000002583b618010 JavaThread "Daemon periodic checks" [_thread_blocked, id=27588, stack(0x000000c81fd00000,0x000000c81fe00000)]
  0x000002583a9e9880 JavaThread "Daemon" [_thread_blocked, id=52820, stack(0x000000c81fe00000,0x000000c81ff00000)]
  0x000002583a9e9d60 JavaThread "Handler for socket connection from /127.0.0.1:61192 to /127.0.0.1:61193" [_thread_in_native, id=67264, stack(0x000000c81ff00000,0x000000c820000000)]
  0x000002583a398180 JavaThread "Cancel handler" [_thread_blocked, id=53364, stack(0x000000c820000000,0x000000c820100000)]
  0x000002583a39aa00 JavaThread "Daemon worker" [_thread_blocked, id=5684, stack(0x000000c820100000,0x000000c820200000)]
  0x000002583a398ba0 JavaThread "Asynchronous log dispatcher for DefaultDaemonConnection: socket connection from /127.0.0.1:61192 to /127.0.0.1:61193" [_thread_blocked, id=33492, stack(0x000000c820200000,0x000000c820300000)]
  0x000002583a39b420 JavaThread "Stdin handler" [_thread_blocked, id=3720, stack(0x000000c820300000,0x000000c820400000)]
  0x000002583a399ad0 JavaThread "Daemon client event forwarder" [_thread_blocked, id=15924, stack(0x000000c820400000,0x000000c820500000)]
  0x000002583a398690 JavaThread "Cache worker for journal cache (C:\Users\aman2\.gradle\caches\journal-1)" [_thread_blocked, id=58420, stack(0x000000c81f600000,0x000000c81f700000)]
  0x000002583a3990b0 JavaThread "File lock request listener" [_thread_in_native, id=52808, stack(0x000000c820900000,0x000000c820a00000)]
  0x000002583a3995c0 JavaThread "Cache worker for file hash cache (C:\Users\aman2\.gradle\caches\8.7\fileHashes)" [_thread_blocked, id=55820, stack(0x000000c820a00000,0x000000c820b00000)]
  0x000002583b68f530 JavaThread "C2 CompilerThread1" daemon [_thread_blocked, id=58824, stack(0x000000c820b00000,0x000000c820c00000)]
  0x000002583bfe6b70 JavaThread "Cache worker for file hash cache (C:\Users\aman2\Desktop\Payplit\PayPlit\PayPlitApp\.gradle\8.7\fileHashes)" [_thread_blocked, id=25764, stack(0x000000c820c00000,0x000000c820d00000)]
  0x000002583bfec180 JavaThread "File watcher server" daemon [_thread_blocked, id=64928, stack(0x000000c820d00000,0x000000c820e00000)]
  0x000002583bfebc70 JavaThread "File watcher consumer" daemon [_thread_blocked, id=4360, stack(0x000000c820e00000,0x000000c820f00000)]
  0x000002583bfe7590 JavaThread "Cache worker for checksums cache (C:\Users\aman2\Desktop\Payplit\PayPlit\PayPlitApp\.gradle\8.7\checksums)" [_thread_blocked, id=45400, stack(0x000000c820f00000,0x000000c821000000)]
  0x000002583bfe7080 JavaThread "Cache worker for cache directory md-supplier (C:\Users\aman2\.gradle\caches\8.7\md-supplier)" [_thread_blocked, id=66156, stack(0x000000c821000000,0x000000c821100000)]
  0x000002583bfecba0 JavaThread "Cache worker for cache directory md-rule (C:\Users\aman2\.gradle\caches\8.7\md-rule)" [_thread_blocked, id=58000, stack(0x000000c821100000,0x000000c821200000)]
  0x000002583bfed0b0 JavaThread "Cache worker for file content cache (C:\Users\aman2\.gradle\caches\8.7\fileContent)" [_thread_blocked, id=48968, stack(0x000000c821200000,0x000000c821300000)]
  0x000002583bfedad0 JavaThread "Cache worker for Build Output Cleanup Cache (C:\Users\aman2\Desktop\Payplit\PayPlit\PayPlitApp\.gradle\buildOutputCleanup)" [_thread_blocked, id=22824, stack(0x000000c821400000,0x000000c821500000)]
  0x000002583bfea830 JavaThread "Unconstrained build operations" [_thread_blocked, id=26172, stack(0x000000c821500000,0x000000c821600000)]
  0x000002583bfe89d0 JavaThread "Unconstrained build operations Thread 2" [_thread_blocked, id=24444, stack(0x000000c821600000,0x000000c821700000)]
  0x000002583bfe93f0 JavaThread "Unconstrained build operations Thread 3" [_thread_blocked, id=24088, stack(0x000000c821700000,0x000000c821800000)]
  0x000002583bfead40 JavaThread "Unconstrained build operations Thread 4" [_thread_blocked, id=37636, stack(0x000000c821800000,0x000000c821900000)]
  0x000002583bfe6660 JavaThread "Unconstrained build operations Thread 5" [_thread_blocked, id=22356, stack(0x000000c821900000,0x000000c821a00000)]
  0x000002583bfe9e10 JavaThread "Unconstrained build operations Thread 6" [_thread_blocked, id=27820, stack(0x000000c821a00000,0x000000c821b00000)]
  0x000002583bfea320 JavaThread "Unconstrained build operations Thread 7" [_thread_blocked, id=30212, stack(0x000000c821b00000,0x000000c821c00000)]
  0x000002583bfeb250 JavaThread "Unconstrained build operations Thread 8" [_thread_blocked, id=36272, stack(0x000000c821c00000,0x000000c821d00000)]
  0x000002583bfeb760 JavaThread "Unconstrained build operations Thread 9" [_thread_blocked, id=36256, stack(0x000000c821d00000,0x000000c821e00000)]
  0x000002583a39a4f0 JavaThread "Unconstrained build operations Thread 10" [_thread_blocked, id=36268, stack(0x000000c821e00000,0x000000c821f00000)]
  0x0000025839e7e150 JavaThread "Unconstrained build operations Thread 11" [_thread_blocked, id=73352, stack(0x000000c821f00000,0x000000c822000000)]
  0x0000025839e7e660 JavaThread "Unconstrained build operations Thread 12" [_thread_blocked, id=10404, stack(0x000000c822000000,0x000000c822100000)]
  0x0000025839e7eb70 JavaThread "Unconstrained build operations Thread 13" [_thread_blocked, id=18024, stack(0x000000c822100000,0x000000c822200000)]
  0x0000025839e7d730 JavaThread "Unconstrained build operations Thread 14" [_thread_blocked, id=36296, stack(0x000000c822200000,0x000000c822300000)]

Other Threads:
=>0x0000025834ec8940 VMThread "VM Thread" [stack: 0x000000c81e900000,0x000000c81ea00000] [id=61720]
  0x000002583924cbb0 WatcherThread [stack: 0x000000c81f500000,0x000000c81f600000] [id=62356]
  0x000002581b0b0340 GCTaskThread "GC Thread#0" [stack: 0x000000c81e400000,0x000000c81e500000] [id=61148]
  0x000002583a471cd0 GCTaskThread "GC Thread#1" [stack: 0x000000c81f700000,0x000000c81f800000] [id=16456]
  0x000002583a7d0fa0 GCTaskThread "GC Thread#2" [stack: 0x000000c81f800000,0x000000c81f900000] [id=17400]
  0x000002583a810770 GCTaskThread "GC Thread#3" [stack: 0x000000c81f900000,0x000000c81fa00000] [id=2228]
  0x000002583a02b090 GCTaskThread "GC Thread#4" [stack: 0x000000c81fa00000,0x000000c81fb00000] [id=21736]
  0x000002583b28a840 GCTaskThread "GC Thread#5" [stack: 0x000000c820500000,0x000000c820600000] [id=60208]
  0x000002583af9eeb0 GCTaskThread "GC Thread#6" [stack: 0x000000c820600000,0x000000c820700000] [id=63584]
  0x000002583ab2e1c0 GCTaskThread "GC Thread#7" [stack: 0x000000c820700000,0x000000c820800000] [id=53572]
  0x000002581b0c11a0 ConcurrentGCThread "G1 Main Marker" [stack: 0x000000c81e500000,0x000000c81e600000] [id=6420]
  0x000002581b0c1ad0 ConcurrentGCThread "G1 Conc#0" [stack: 0x000000c81e600000,0x000000c81e700000] [id=66372]
  0x00000258395bbe80 ConcurrentGCThread "G1 Conc#1" [stack: 0x000000c820800000,0x000000c820900000] [id=66712]
  0x0000025834d220d0 ConcurrentGCThread "G1 Refine#0" [stack: 0x000000c81e700000,0x000000c81e800000] [id=52504]
  0x000002583bd1cac0 ConcurrentGCThread "G1 Refine#1" [stack: 0x000000c821300000,0x000000c821400000] [id=69220]
  0x0000025834d22a10 ConcurrentGCThread "G1 Service" [stack: 0x000000c81e800000,0x000000c81e900000] [id=69328]

Threads with active compile tasks:

VM state: at safepoint (normal execution)

VM Mutex/Monitor currently owned by a thread:  ([mutex/lock_event])
[0x000002581b04d2f0] Threads_lock - owner thread: 0x0000025834ec8940
[0x000002581b04e220] Heap_lock - owner thread: 0x000002581b0c11a0

Heap address: 0x0000000080000000, size: 2048 MB, Compressed Oops mode: 32-bit

CDS archive(s) not mapped
Compressed class space mapped at: 0x0000000100000000-0x0000000140000000, reserved size: 1073741824
Narrow klass base: 0x0000000000000000, Narrow klass shift: 3, Narrow klass range: 0x140000000

GC Precious Log:
 CPUs: 8 total, 8 available
 Memory: 7985M
 Large Page Support: Disabled
 NUMA Support: Disabled
 Compressed Oops: Enabled (32-bit)
 Heap Region Size: 1M
 Heap Min Capacity: 8M
 Heap Initial Capacity: 126M
 Heap Max Capacity: 2G
 Pre-touch: Disabled
 Parallel Workers: 8
 Concurrent Workers: 2
 Concurrent Refinement Workers: 8
 Periodic GC: Disabled

Heap:
 garbage-first heap   total 104448K, used 67362K [0x0000000080000000, 0x0000000100000000)
  region size 1024K, 3 young (3072K), 1 survivors (1024K)
 Metaspace       used 60234K, committed 60864K, reserved 1114112K
  class space    used 8263K, committed 8576K, reserved 1048576K

Heap Regions: E=young(eden), S=young(survivor), O=old, HS=humongous(starts), HC=humongous(continues), CS=collection set, F=free, OA=open archive, CA=closed archive, TAMS=top-at-mark-start (previous, next)
|   0|0x0000000080000000, 0x0000000080100000, 0x0000000080100000|100%|HS|  |TAMS 0x0000000080100000, 0x0000000080000000| Complete 
|   1|0x0000000080100000, 0x0000000080200000, 0x0000000080200000|100%|HC|  |TAMS 0x0000000080200000, 0x0000000080100000| Complete 
|   2|0x0000000080200000, 0x0000000080300000, 0x0000000080300000|100%|HC|  |TAMS 0x0000000080300000, 0x0000000080200000| Complete 
|   3|0x0000000080300000, 0x0000000080400000, 0x0000000080400000|100%|HC|  |TAMS 0x0000000080400000, 0x0000000080300000| Complete 
|   4|0x0000000080400000, 0x0000000080500000, 0x0000000080500000|100%| O|  |TAMS 0x0000000080500000, 0x0000000080400000| Untracked 
|   5|0x0000000080500000, 0x0000000080600000, 0x0000000080600000|100%| O|  |TAMS 0x0000000080600000, 0x0000000080500000| Untracked 
|   6|0x0000000080600000, 0x0000000080700000, 0x0000000080700000|100%| O|  |TAMS 0x0000000080700000, 0x0000000080600000| Untracked 
|   7|0x0000000080700000, 0x0000000080800000, 0x0000000080800000|100%| O|  |TAMS 0x0000000080800000, 0x0000000080700000| Untracked 
|   8|0x0000000080800000, 0x0000000080900000, 0x0000000080900000|100%| O|  |TAMS 0x0000000080900000, 0x0000000080800000| Updating 
|   9|0x0000000080900000, 0x0000000080a00000, 0x0000000080a00000|100%| O|  |TAMS 0x0000000080a00000, 0x0000000080900000| Updating 
|  10|0x0000000080a00000, 0x0000000080ac8c00, 0x0000000080b00000| 78%| O|  |TAMS 0x0000000080ac8c00, 0x0000000080a00000| Updating 
|  11|0x0000000080b00000, 0x0000000080c00000, 0x0000000080c00000|100%| O|  |TAMS 0x0000000080c00000, 0x0000000080b00000| Untracked 
|  12|0x0000000080c00000, 0x0000000080d00000, 0x0000000080d00000|100%| O|  |TAMS 0x0000000080d00000, 0x0000000080c00000| Untracked 
|  13|0x0000000080d00000, 0x0000000080e00000, 0x0000000080e00000|100%| O|  |TAMS 0x0000000080e00000, 0x0000000080d00000| Untracked 
|  14|0x0000000080e00000, 0x0000000080f00000, 0x0000000080f00000|100%| O|  |TAMS 0x0000000080f00000, 0x0000000080e00000| Untracked 
|  15|0x0000000080f00000, 0x0000000081000000, 0x0000000081000000|100%| O|  |TAMS 0x0000000081000000, 0x0000000080f00000| Untracked 
|  16|0x0000000081000000, 0x0000000081100000, 0x0000000081100000|100%| O|  |TAMS 0x0000000081100000, 0x0000000081000000| Untracked 
|  17|0x0000000081100000, 0x0000000081200000, 0x0000000081200000|100%| O|  |TAMS 0x0000000081200000, 0x0000000081100000| Untracked 
|  18|0x0000000081200000, 0x0000000081300000, 0x0000000081300000|100%| O|  |TAMS 0x0000000081300000, 0x0000000081200000| Untracked 
|  19|0x0000000081300000, 0x0000000081400000, 0x0000000081400000|100%| O|  |TAMS 0x0000000081400000, 0x0000000081300000| Untracked 
|  20|0x0000000081400000, 0x0000000081500000, 0x0000000081500000|100%| O|  |TAMS 0x0000000081500000, 0x0000000081400000| Updating 
|  21|0x0000000081500000, 0x0000000081600000, 0x0000000081600000|100%| O|  |TAMS 0x0000000081600000, 0x0000000081500000| Untracked 
|  22|0x0000000081600000, 0x0000000081700000, 0x0000000081700000|100%| O|  |TAMS 0x0000000081700000, 0x0000000081600000| Updating 
|  23|0x0000000081700000, 0x0000000081800000, 0x0000000081800000|100%| O|  |TAMS 0x0000000081800000, 0x0000000081700000| Updating 
|  24|0x0000000081800000, 0x0000000081900000, 0x0000000081900000|100%| O|  |TAMS 0x0000000081900000, 0x0000000081800000| Untracked 
|  25|0x0000000081900000, 0x0000000081a00000, 0x0000000081a00000|100%| O|  |TAMS 0x0000000081a00000, 0x0000000081900000| Untracked 
|  26|0x0000000081a00000, 0x0000000081b00000, 0x0000000081b00000|100%| O|  |TAMS 0x0000000081b00000, 0x0000000081a00000| Untracked 
|  27|0x0000000081b00000, 0x0000000081c00000, 0x0000000081c00000|100%| O|  |TAMS 0x0000000081c00000, 0x0000000081b00000| Untracked 
|  28|0x0000000081c00000, 0x0000000081d00000, 0x0000000081d00000|100%| O|  |TAMS 0x0000000081d00000, 0x0000000081c00000| Untracked 
|  29|0x0000000081d00000, 0x0000000081d00000, 0x0000000081e00000|  0%| F|  |TAMS 0x0000000081d00000, 0x0000000081d00000| Untracked 
|  30|0x0000000081e00000, 0x0000000081f00000, 0x0000000081f00000|100%| O|  |TAMS 0x0000000081f00000, 0x0000000081e00000| Untracked 
|  31|0x0000000081f00000, 0x0000000082000000, 0x0000000082000000|100%| O|  |TAMS 0x0000000082000000, 0x0000000081f00000| Untracked 
|  32|0x0000000082000000, 0x0000000082100000, 0x0000000082100000|100%| O|  |TAMS 0x0000000082100000, 0x0000000082000000| Updating 
|  33|0x0000000082100000, 0x0000000082200000, 0x0000000082200000|100%| O|  |TAMS 0x0000000082200000, 0x0000000082100000| Updating 
|  34|0x0000000082200000, 0x0000000082300000, 0x0000000082300000|100%| O|  |TAMS 0x0000000082300000, 0x0000000082200000| Updating 
|  35|0x0000000082300000, 0x0000000082400000, 0x0000000082400000|100%| O|  |TAMS 0x0000000082400000, 0x0000000082300000| Updating 
|  36|0x0000000082400000, 0x0000000082500000, 0x0000000082500000|100%| O|  |TAMS 0x0000000082500000, 0x0000000082400000| Updating 
|  37|0x0000000082500000, 0x0000000082600000, 0x0000000082600000|100%| O|  |TAMS 0x0000000082600000, 0x0000000082500000| Updating 
|  38|0x0000000082600000, 0x0000000082700000, 0x0000000082700000|100%| O|  |TAMS 0x0000000082700000, 0x0000000082600000| Updating 
|  39|0x0000000082700000, 0x0000000082800000, 0x0000000082800000|100%| O|  |TAMS 0x0000000082800000, 0x0000000082700000| Updating 
|  40|0x0000000082800000, 0x0000000082900000, 0x0000000082900000|100%|HS|  |TAMS 0x0000000082900000, 0x0000000082800000| Complete 
|  41|0x0000000082900000, 0x0000000082a00000, 0x0000000082a00000|100%|HS|  |TAMS 0x0000000082a00000, 0x0000000082900000| Complete 
|  42|0x0000000082a00000, 0x0000000082b00000, 0x0000000082b00000|100%|HS|  |TAMS 0x0000000082b00000, 0x0000000082a00000| Complete 
|  43|0x0000000082b00000, 0x0000000082c00000, 0x0000000082c00000|100%|HC|  |TAMS 0x0000000082c00000, 0x0000000082b00000| Complete 
|  44|0x0000000082c00000, 0x0000000082d00000, 0x0000000082d00000|100%|HS|  |TAMS 0x0000000082d00000, 0x0000000082c00000| Complete 
|  45|0x0000000082d00000, 0x0000000082e00000, 0x0000000082e00000|100%|HC|  |TAMS 0x0000000082e00000, 0x0000000082d00000| Complete 
|  46|0x0000000082e00000, 0x0000000082f00000, 0x0000000082f00000|100%|HS|  |TAMS 0x0000000082f00000, 0x0000000082e00000| Complete 
|  47|0x0000000082f00000, 0x0000000083000000, 0x0000000083000000|100%|HS|  |TAMS 0x0000000083000000, 0x0000000082f00000| Complete 
|  48|0x0000000083000000, 0x0000000083100000, 0x0000000083100000|100%|HC|  |TAMS 0x0000000083100000, 0x0000000083000000| Complete 
|  49|0x0000000083100000, 0x0000000083200000, 0x0000000083200000|100%|HC|  |TAMS 0x0000000083200000, 0x0000000083100000| Complete 
|  50|0x0000000083200000, 0x0000000083300000, 0x0000000083300000|100%|HC|  |TAMS 0x0000000083300000, 0x0000000083200000| Complete 
|  51|0x0000000083300000, 0x0000000083400000, 0x0000000083400000|100%|HS|  |TAMS 0x0000000083400000, 0x0000000083300000| Complete 
|  52|0x0000000083400000, 0x0000000083500000, 0x0000000083500000|100%|HS|  |TAMS 0x0000000083500000, 0x0000000083400000| Complete 
|  53|0x0000000083500000, 0x0000000083600000, 0x0000000083600000|100%|HS|  |TAMS 0x0000000083600000, 0x0000000083500000| Complete 
|  54|0x0000000083600000, 0x0000000083700000, 0x0000000083700000|100%| O|  |TAMS 0x0000000083700000, 0x0000000083600000| Untracked 
|  55|0x0000000083700000, 0x0000000083800000, 0x0000000083800000|100%| O|  |TAMS 0x0000000083800000, 0x0000000083700000| Untracked 
|  56|0x0000000083800000, 0x0000000083900000, 0x0000000083900000|100%| O|  |TAMS 0x0000000083900000, 0x0000000083800000| Untracked 
|  57|0x0000000083900000, 0x0000000083a00000, 0x0000000083a00000|100%| O|  |TAMS 0x0000000083a00000, 0x0000000083900000| Untracked 
|  58|0x0000000083a00000, 0x0000000083b00000, 0x0000000083b00000|100%| O|  |TAMS 0x0000000083b00000, 0x0000000083a00000| Untracked 
|  59|0x0000000083b00000, 0x0000000083c00000, 0x0000000083c00000|100%| O|  |TAMS 0x0000000083c00000, 0x0000000083b00000| Untracked 
|  60|0x0000000083c00000, 0x0000000083d00000, 0x0000000083d00000|100%| O|  |TAMS 0x0000000083d00000, 0x0000000083c00000| Untracked 
|  61|0x0000000083d00000, 0x0000000083e00000, 0x0000000083e00000|100%| O|  |TAMS 0x0000000083e00000, 0x0000000083d00000| Untracked 
|  62|0x0000000083e00000, 0x0000000083f00000, 0x0000000083f00000|100%| O|  |TAMS 0x0000000083f00000, 0x0000000083e00000| Untracked 
|  63|0x0000000083f00000, 0x0000000083f00000, 0x0000000084000000|  0%| F|  |TAMS 0x0000000083f00000, 0x0000000083f00000| Untracked 
|  64|0x0000000084000000, 0x0000000084000000, 0x0000000084100000|  0%| F|  |TAMS 0x0000000084000000, 0x0000000084000000| Untracked 
|  65|0x0000000084100000, 0x0000000084100000, 0x0000000084200000|  0%| F|  |TAMS 0x0000000084100000, 0x0000000084100000| Untracked 
|  66|0x0000000084200000, 0x0000000084200000, 0x0000000084300000|  0%| F|  |TAMS 0x0000000084200000, 0x0000000084200000| Untracked 
|  67|0x0000000084300000, 0x0000000084300000, 0x0000000084400000|  0%| F|  |TAMS 0x0000000084300000, 0x0000000084300000| Untracked 
|  68|0x0000000084400000, 0x0000000084500000, 0x0000000084500000|100%| O|  |TAMS 0x0000000084500000, 0x0000000084400000| Updating 
|  69|0x0000000084500000, 0x000000008455e800, 0x0000000084600000| 36%| O|  |TAMS 0x000000008455e800, 0x0000000084500000| Updating 
|  70|0x0000000084600000, 0x0000000084600000, 0x0000000084700000|  0%| F|  |TAMS 0x0000000084600000, 0x0000000084600000| Untracked 
|  71|0x0000000084700000, 0x0000000084700000, 0x0000000084800000|  0%| F|  |TAMS 0x0000000084700000, 0x0000000084700000| Untracked 
|  72|0x0000000084800000, 0x0000000084800000, 0x0000000084900000|  0%| F|  |TAMS 0x0000000084800000, 0x0000000084800000| Untracked 
|  73|0x0000000084900000, 0x0000000084900000, 0x0000000084a00000|  0%| F|  |TAMS 0x0000000084900000, 0x0000000084900000| Untracked 
|  74|0x0000000084a00000, 0x0000000084a00000, 0x0000000084b00000|  0%| F|  |TAMS 0x0000000084a00000, 0x0000000084a00000| Untracked 
|  75|0x0000000084b00000, 0x0000000084b00000, 0x0000000084c00000|  0%| F|  |TAMS 0x0000000084b00000, 0x0000000084b00000| Untracked 
|  76|0x0000000084c00000, 0x0000000084c00000, 0x0000000084d00000|  0%| F|  |TAMS 0x0000000084c00000, 0x0000000084c00000| Untracked 
|  77|0x0000000084d00000, 0x0000000084d00000, 0x0000000084e00000|  0%| F|  |TAMS 0x0000000084d00000, 0x0000000084d00000| Untracked 
|  78|0x0000000084e00000, 0x0000000084e00000, 0x0000000084f00000|  0%| F|  |TAMS 0x0000000084e00000, 0x0000000084e00000| Untracked 
|  79|0x0000000084f00000, 0x0000000084f00000, 0x0000000085000000|  0%| F|  |TAMS 0x0000000084f00000, 0x0000000084f00000| Untracked 
|  80|0x0000000085000000, 0x0000000085000000, 0x0000000085100000|  0%| F|  |TAMS 0x0000000085000000, 0x0000000085000000| Untracked 
|  81|0x0000000085100000, 0x0000000085100000, 0x0000000085200000|  0%| F|  |TAMS 0x0000000085100000, 0x0000000085100000| Untracked 
|  82|0x0000000085200000, 0x00000000852a1400, 0x0000000085300000| 62%| S|CS|TAMS 0x0000000085200000, 0x0000000085200000| Complete 
|  83|0x0000000085300000, 0x0000000085300000, 0x0000000085400000|  0%| F|  |TAMS 0x0000000085300000, 0x0000000085300000| Untracked 
|  84|0x0000000085400000, 0x0000000085400000, 0x0000000085500000|  0%| F|  |TAMS 0x0000000085400000, 0x0000000085400000| Untracked 
|  85|0x0000000085500000, 0x0000000085500000, 0x0000000085600000|  0%| F|  |TAMS 0x0000000085500000, 0x0000000085500000| Untracked 
|  86|0x0000000085600000, 0x0000000085600000, 0x0000000085700000|  0%| F|  |TAMS 0x0000000085600000, 0x0000000085600000| Untracked 
|  87|0x0000000085700000, 0x0000000085700000, 0x0000000085800000|  0%| F|  |TAMS 0x0000000085700000, 0x0000000085700000| Untracked 
|  88|0x0000000085800000, 0x0000000085800000, 0x0000000085900000|  0%| F|  |TAMS 0x0000000085800000, 0x0000000085800000| Untracked 
|  89|0x0000000085900000, 0x0000000085900000, 0x0000000085a00000|  0%| F|  |TAMS 0x0000000085900000, 0x0000000085900000| Untracked 
|  90|0x0000000085a00000, 0x0000000085a00000, 0x0000000085b00000|  0%| F|  |TAMS 0x0000000085a00000, 0x0000000085a00000| Untracked 
|  91|0x0000000085b00000, 0x0000000085b00000, 0x0000000085c00000|  0%| F|  |TAMS 0x0000000085b00000, 0x0000000085b00000| Untracked 
|  92|0x0000000085c00000, 0x0000000085c00000, 0x0000000085d00000|  0%| F|  |TAMS 0x0000000085c00000, 0x0000000085c00000| Untracked 
|  93|0x0000000085d00000, 0x0000000085d00000, 0x0000000085e00000|  0%| F|  |TAMS 0x0000000085d00000, 0x0000000085d00000| Untracked 
|  94|0x0000000085e00000, 0x0000000085e00000, 0x0000000085f00000|  0%| F|  |TAMS 0x0000000085e00000, 0x0000000085e00000| Untracked 
|  95|0x0000000085f00000, 0x0000000085f00000, 0x0000000086000000|  0%| F|  |TAMS 0x0000000085f00000, 0x0000000085f00000| Untracked 
|  96|0x0000000086000000, 0x0000000086000000, 0x0000000086100000|  0%| F|  |TAMS 0x0000000086000000, 0x0000000086000000| Untracked 
|  97|0x0000000086100000, 0x0000000086100000, 0x0000000086200000|  0%| F|  |TAMS 0x0000000086100000, 0x0000000086100000| Untracked 
|  98|0x0000000086200000, 0x0000000086200000, 0x0000000086300000|  0%| F|  |TAMS 0x0000000086200000, 0x0000000086200000| Untracked 
|  99|0x0000000086300000, 0x0000000086400000, 0x0000000086400000|100%| E|  |TAMS 0x0000000086300000, 0x0000000086300000| Complete 
| 125|0x0000000087d00000, 0x0000000087e00000, 0x0000000087e00000|100%| E|CS|TAMS 0x0000000087d00000, 0x0000000087d00000| Complete 
|2047|0x00000000fff00000, 0x0000000100000000, 0x0000000100000000|100%| O|  |TAMS 0x0000000100000000, 0x00000000fff00000| Updating 

Card table byte_map: [0x000002582dc60000,0x000002582e060000] _byte_map_base: 0x000002582d860000

Marking Bits (Prev, Next): (CMBitMap*) 0x000002581b0b0870, (CMBitMap*) 0x000002581b0b08b0
 Prev Bits: [0x000002582e460000, 0x0000025830460000)
 Next Bits: [0x0000025830460000, 0x0000025832460000)

Polling page: 0x0000025818fe0000

Metaspace:

Usage:
  Non-class:     50.75 MB used.
      Class:      8.07 MB used.
       Both:     58.82 MB used.

Virtual space:
  Non-class space:       64.00 MB reserved,      51.06 MB ( 80%) committed,  1 nodes.
      Class space:        1.00 GB reserved,       8.38 MB ( <1%) committed,  1 nodes.
             Both:        1.06 GB reserved,      59.44 MB (  5%) committed. 

Chunk freelists:
   Non-Class:  12.02 MB
       Class:  7.67 MB
        Both:  19.69 MB

MaxMetaspaceSize: unlimited
CompressedClassSpaceSize: 1.00 GB
Initial GC threshold: 21.00 MB
Current GC threshold: 93.75 MB
CDS: off
MetaspaceReclaimPolicy: balanced
 - commit_granule_bytes: 65536.
 - commit_granule_words: 8192.
 - virtual_space_node_default_size: 8388608.
 - enlarge_chunks_in_place: 1.
 - new_chunks_are_fully_committed: 0.
 - uncommit_free_chunks: 1.
 - use_allocation_guard: 0.
 - handle_deallocations: 1.


Internal statistics:

num_allocs_failed_limit: 6.
num_arena_births: 712.
num_arena_deaths: 0.
num_vsnodes_births: 2.
num_vsnodes_deaths: 0.
num_space_committed: 951.
num_space_uncommitted: 0.
num_chunks_returned_to_freelist: 6.
num_chunks_taken_from_freelist: 2816.
num_chunk_merges: 6.
num_chunk_splits: 1830.
num_chunks_enlarged: 1203.
num_inconsistent_stats: 0.

CodeHeap 'non-profiled nmethods': size=120000Kb used=3039Kb max_used=3381Kb free=116960Kb
 bounds [0x0000025826000000, 0x0000025826350000, 0x000002582d530000]
CodeHeap 'profiled nmethods': size=120000Kb used=11344Kb max_used=11344Kb free=108655Kb
 bounds [0x000002581e530000, 0x000002581f050000, 0x0000025825a60000]
CodeHeap 'non-nmethods': size=5760Kb used=1631Kb max_used=1718Kb free=4128Kb
 bounds [0x0000025825a60000, 0x0000025825cd0000, 0x0000025826000000]
 total_blobs=6927 nmethods=6219 adapters=620
 compilation: enabled
              stopped_count=0, restarted_count=0
 full_count=0

Compilation events (20 events):
Event: 6.292 Thread 0x0000025839041960 nmethod 7013 0x000002581e661e10 code [0x000002581e661fc0, 0x000002581e6622c8]
Event: 6.292 Thread 0x0000025839041960 7014       3       com.google.common.collect.ImmutableEntry::<init> (15 bytes)
Event: 6.292 Thread 0x0000025839041960 nmethod 7014 0x000002581e661910 code [0x000002581e661ac0, 0x000002581e661d38]
Event: 6.292 Thread 0x0000025839041960 7015       3       com.google.common.collect.Hashing::smear (19 bytes)
Event: 6.292 Thread 0x0000025839041960 nmethod 7015 0x000002581e661510 code [0x000002581e6616a0, 0x000002581e661818]
Event: 6.295 Thread 0x000002583b68f530 7016       4       java.lang.Integer::getChars (131 bytes)
Event: 6.295 Thread 0x0000025839041960 7017       1       org.gradle.internal.dispatch.ProxyDispatchAdapter::getSource (5 bytes)
Event: 6.295 Thread 0x0000025839041960 nmethod 7017 0x00000258261bab90 code [0x00000258261bad20, 0x00000258261badf8]
Event: 6.297 Thread 0x000002583903db50 nmethod 6997 0x00000258261b4010 code [0x00000258261b4240, 0x00000258261b60d0]
Event: 6.298 Thread 0x000002583b68f530 nmethod 7016 0x00000258261ba510 code [0x00000258261ba6a0, 0x00000258261ba978]
Event: 6.304 Thread 0x0000025839041960 7018  s!   3       org.gradle.internal.classloader.TransformReplacer$JarLoader::loadTransformedClass (56 bytes)
Event: 6.304 Thread 0x0000025839041960 nmethod 7018 0x000002581f043310 code [0x000002581f0435e0, 0x000002581f044528]
Event: 6.304 Thread 0x0000025839041960 7019       3       org.gradle.internal.classloader.TransformReplacer$JarLoader::getJarFileLocked (104 bytes)
Event: 6.305 Thread 0x0000025839041960 nmethod 7019 0x000002581f044b10 code [0x000002581f044ea0, 0x000002581f046698]
Event: 6.305 Thread 0x0000025839041960 7020       3       org.gradle.internal.classloader.TransformReplacer::access$100 (5 bytes)
Event: 6.305 Thread 0x0000025839041960 nmethod 7020 0x000002581e660d90 code [0x000002581e660f40, 0x000002581e6611a8]
Event: 6.305 Thread 0x0000025839041960 7021       3       org.gradle.internal.classloader.TransformReplacer$JarLoader::classNameToPath (20 bytes)
Event: 6.306 Thread 0x0000025839041960 nmethod 7021 0x000002581f046f90 code [0x000002581f0471a0, 0x000002581f047708]
Event: 6.313 Thread 0x000002583b68f530 7022       4       java.lang.String::regionMatches (150 bytes)
Event: 6.338 Thread 0x000002583b68f530 nmethod 7022 0x00000258261b9410 code [0x00000258261b95c0, 0x00000258261b9dd8]

GC Heap History (20 events):
Event: 3.329 GC heap before
{Heap before GC invocations=9 (full 0):
 garbage-first heap   total 71680K, used 54384K [0x0000000080000000, 0x0000000100000000)
  region size 1024K, 32 young (32768K), 2 survivors (2048K)
 Metaspace       used 41273K, committed 41600K, reserved 1114112K
  class space    used 5472K, committed 5632K, reserved 1048576K
}
Event: 3.335 GC heap after
{Heap after GC invocations=10 (full 0):
 garbage-first heap   total 86016K, used 28337K [0x0000000080000000, 0x0000000100000000)
  region size 1024K, 4 young (4096K), 4 survivors (4096K)
 Metaspace       used 41273K, committed 41600K, reserved 1114112K
  class space    used 5472K, committed 5632K, reserved 1048576K
}
Event: 3.673 GC heap before
{Heap before GC invocations=10 (full 0):
 garbage-first heap   total 86016K, used 66225K [0x0000000080000000, 0x0000000100000000)
  region size 1024K, 41 young (41984K), 4 survivors (4096K)
 Metaspace       used 43619K, committed 44096K, reserved 1114112K
  class space    used 5839K, committed 6080K, reserved 1048576K
}
Event: 3.678 GC heap after
{Heap after GC invocations=11 (full 0):
 garbage-first heap   total 86016K, used 30861K [0x0000000080000000, 0x0000000100000000)
  region size 1024K, 6 young (6144K), 6 survivors (6144K)
 Metaspace       used 43619K, committed 44096K, reserved 1114112K
  class space    used 5839K, committed 6080K, reserved 1048576K
}
Event: 4.055 GC heap before
{Heap before GC invocations=11 (full 0):
 garbage-first heap   total 86016K, used 65677K [0x0000000080000000, 0x0000000100000000)
  region size 1024K, 40 young (40960K), 6 survivors (6144K)
 Metaspace       used 47823K, committed 48320K, reserved 1114112K
  class space    used 6542K, committed 6784K, reserved 1048576K
}
Event: 4.060 GC heap after
{Heap after GC invocations=12 (full 0):
 garbage-first heap   total 86016K, used 32681K [0x0000000080000000, 0x0000000100000000)
  region size 1024K, 2 young (2048K), 2 survivors (2048K)
 Metaspace       used 47823K, committed 48320K, reserved 1114112K
  class space    used 6542K, committed 6784K, reserved 1048576K
}
Event: 4.505 GC heap before
{Heap before GC invocations=12 (full 0):
 garbage-first heap   total 86016K, used 67497K [0x0000000080000000, 0x0000000100000000)
  region size 1024K, 36 young (36864K), 2 survivors (2048K)
 Metaspace       used 52326K, committed 52800K, reserved 1114112K
  class space    used 7271K, committed 7488K, reserved 1048576K
}
Event: 4.508 GC heap after
{Heap after GC invocations=13 (full 0):
 garbage-first heap   total 86016K, used 34407K [0x0000000080000000, 0x0000000100000000)
  region size 1024K, 4 young (4096K), 4 survivors (4096K)
 Metaspace       used 52326K, committed 52800K, reserved 1114112K
  class space    used 7271K, committed 7488K, reserved 1048576K
}
Event: 5.140 GC heap before
{Heap before GC invocations=13 (full 0):
 garbage-first heap   total 86016K, used 68199K [0x0000000080000000, 0x0000000100000000)
  region size 1024K, 36 young (36864K), 4 survivors (4096K)
 Metaspace       used 55870K, committed 56384K, reserved 1114112K
  class space    used 7667K, committed 7936K, reserved 1048576K
}
Event: 5.145 GC heap after
{Heap after GC invocations=14 (full 0):
 garbage-first heap   total 86016K, used 37840K [0x0000000080000000, 0x0000000100000000)
  region size 1024K, 5 young (5120K), 5 survivors (5120K)
 Metaspace       used 55870K, committed 56384K, reserved 1114112K
  class space    used 7667K, committed 7936K, reserved 1048576K
}
Event: 5.499 GC heap before
{Heap before GC invocations=14 (full 0):
 garbage-first heap   total 86016K, used 66512K [0x0000000080000000, 0x0000000100000000)
  region size 1024K, 34 young (34816K), 5 survivors (5120K)
 Metaspace       used 56686K, committed 57280K, reserved 1114112K
  class space    used 7770K, committed 8064K, reserved 1048576K
}
Event: 5.508 GC heap after
{Heap after GC invocations=15 (full 0):
 garbage-first heap   total 86016K, used 43068K [0x0000000080000000, 0x0000000100000000)
  region size 1024K, 5 young (5120K), 5 survivors (5120K)
 Metaspace       used 56686K, committed 57280K, reserved 1114112K
  class space    used 7770K, committed 8064K, reserved 1048576K
}
Event: 5.665 GC heap before
{Heap before GC invocations=15 (full 0):
 garbage-first heap   total 86016K, used 65596K [0x0000000080000000, 0x0000000100000000)
  region size 1024K, 28 young (28672K), 5 survivors (5120K)
 Metaspace       used 57014K, committed 57600K, reserved 1114112K
  class space    used 7802K, committed 8064K, reserved 1048576K
}
Event: 5.669 GC heap after
{Heap after GC invocations=16 (full 0):
 garbage-first heap   total 103424K, used 44404K [0x0000000080000000, 0x0000000100000000)
  region size 1024K, 4 young (4096K), 4 survivors (4096K)
 Metaspace       used 57014K, committed 57600K, reserved 1114112K
  class space    used 7802K, committed 8064K, reserved 1048576K
}
Event: 6.120 GC heap before
{Heap before GC invocations=17 (full 0):
 garbage-first heap   total 103424K, used 90484K [0x0000000080000000, 0x0000000100000000)
  region size 1024K, 37 young (37888K), 4 survivors (4096K)
 Metaspace       used 58618K, committed 59200K, reserved 1114112K
  class space    used 8037K, committed 8320K, reserved 1048576K
}
Event: 6.124 GC heap after
{Heap after GC invocations=18 (full 0):
 garbage-first heap   total 104448K, used 65067K [0x0000000080000000, 0x0000000100000000)
  region size 1024K, 5 young (5120K), 5 survivors (5120K)
 Metaspace       used 58618K, committed 59200K, reserved 1114112K
  class space    used 8037K, committed 8320K, reserved 1048576K
}
Event: 6.136 GC heap before
{Heap before GC invocations=18 (full 0):
 garbage-first heap   total 104448K, used 67115K [0x0000000080000000, 0x0000000100000000)
  region size 1024K, 6 young (6144K), 5 survivors (5120K)
 Metaspace       used 58676K, committed 59200K, reserved 1114112K
  class space    used 8047K, committed 8320K, reserved 1048576K
}
Event: 6.138 GC heap after
{Heap after GC invocations=19 (full 0):
 garbage-first heap   total 104448K, used 66111K [0x0000000080000000, 0x0000000100000000)
  region size 1024K, 1 young (1024K), 1 survivors (1024K)
 Metaspace       used 58676K, committed 59200K, reserved 1114112K
  class space    used 8047K, committed 8320K, reserved 1048576K
}
Event: 6.309 GC heap before
{Heap before GC invocations=19 (full 0):
 garbage-first heap   total 104448K, used 83519K [0x0000000080000000, 0x0000000100000000)
  region size 1024K, 18 young (18432K), 1 survivors (1024K)
 Metaspace       used 60049K, committed 60672K, reserved 1114112K
  class space    used 8238K, committed 8512K, reserved 1048576K
}
Event: 6.310 GC heap after
{Heap after GC invocations=20 (full 0):
 garbage-first heap   total 104448K, used 66338K [0x0000000080000000, 0x0000000100000000)
  region size 1024K, 1 young (1024K), 1 survivors (1024K)
 Metaspace       used 60049K, committed 60672K, reserved 1114112K
  class space    used 8238K, committed 8512K, reserved 1048576K
}

Dll operation events (3 events):
Event: 0.007 Loaded shared library C:\Program Files\Android\Android Studio\jbr\bin\java.dll
Event: 0.103 Loaded shared library C:\Program Files\Android\Android Studio\jbr\bin\zip.dll
Event: 0.347 Loaded shared library C:\Program Files\Android\Android Studio\jbr\bin\verify.dll

Deoptimization events (20 events):
Event: 6.042 Thread 0x000002583a39aa00 Uncommon trap: trap_request=0xffffffde fr.pc=0x000002582620df2c relative=0x00000000000008ac
Event: 6.042 Thread 0x000002583a39aa00 Uncommon trap: reason=class_check action=maybe_recompile pc=0x000002582620df2c method=java.io.BufferedInputStream.read1([BII)I @ 39 c2
Event: 6.042 Thread 0x000002583a39aa00 DEOPT PACKING pc=0x000002582620df2c sp=0x000000c8201f6ea0
Event: 6.042 Thread 0x000002583a39aa00 DEOPT UNPACKING pc=0x0000025825ab69a3 sp=0x000000c8201f6db8 mode 2
Event: 6.042 Thread 0x000002583a39aa00 Uncommon trap: trap_request=0xffffffc6 fr.pc=0x00000258260e2ab0 relative=0x0000000000000cb0
Event: 6.042 Thread 0x000002583a39aa00 Uncommon trap: reason=bimorphic_or_optimized_type_check action=maybe_recompile pc=0x00000258260e2ab0 method=java.util.Properties$LineReader.readLine()I @ 479 c2
Event: 6.042 Thread 0x000002583a39aa00 DEOPT PACKING pc=0x00000258260e2ab0 sp=0x000000c8201f6f70
Event: 6.042 Thread 0x000002583a39aa00 DEOPT UNPACKING pc=0x0000025825ab69a3 sp=0x000000c8201f6ef8 mode 2
Event: 6.042 Thread 0x000002583a39aa00 Uncommon trap: trap_request=0xffffffde fr.pc=0x000002582620df2c relative=0x00000000000008ac
Event: 6.042 Thread 0x000002583a39aa00 Uncommon trap: reason=class_check action=maybe_recompile pc=0x000002582620df2c method=java.io.BufferedInputStream.read1([BII)I @ 39 c2
Event: 6.042 Thread 0x000002583a39aa00 DEOPT PACKING pc=0x000002582620df2c sp=0x000000c8201f6e50
Event: 6.042 Thread 0x000002583a39aa00 DEOPT UNPACKING pc=0x0000025825ab69a3 sp=0x000000c8201f6d68 mode 2
Event: 6.042 Thread 0x000002583a39aa00 Uncommon trap: trap_request=0xffffffde fr.pc=0x000002582620df2c relative=0x00000000000008ac
Event: 6.042 Thread 0x000002583a39aa00 Uncommon trap: reason=class_check action=maybe_recompile pc=0x000002582620df2c method=java.io.BufferedInputStream.read1([BII)I @ 39 c2
Event: 6.042 Thread 0x000002583a39aa00 DEOPT PACKING pc=0x000002582620df2c sp=0x000000c8201f6ea0
Event: 6.042 Thread 0x000002583a39aa00 DEOPT UNPACKING pc=0x0000025825ab69a3 sp=0x000000c8201f6db8 mode 2
Event: 6.095 Thread 0x000002583a39aa00 Uncommon trap: trap_request=0xffffffde fr.pc=0x00000258262b2230 relative=0x0000000000006370
Event: 6.095 Thread 0x000002583a39aa00 Uncommon trap: reason=class_check action=maybe_recompile pc=0x00000258262b2230 method=java.util.jar.JarFile.getManifestFromReference()Ljava/util/jar/Manifest; @ 152 c2
Event: 6.095 Thread 0x000002583a39aa00 DEOPT PACKING pc=0x00000258262b2230 sp=0x000000c8201f68b0
Event: 6.095 Thread 0x000002583a39aa00 DEOPT UNPACKING pc=0x0000025825ab69a3 sp=0x000000c8201f66a8 mode 2

Classes unloaded (0 events):
No events

Classes redefined (0 events):
No events

Internal exceptions (20 events):
Event: 4.873 Thread 0x000002583a39aa00 Exception <a 'java/lang/NoSuchMethodError'{0x0000000083f1f040}: 'java.lang.Object java.lang.invoke.DirectMethodHandle$Holder.invokeSpecial(java.lang.Object, java.lang.Object, java.lang.Object, java.lang.Object, java.lang.Object, long)'> (0x0000000083f1f040) 
thrown [s\src\hotspot\share\interpreter\linkResolver.cpp, line 771]
Event: 4.876 Thread 0x000002583a39aa00 Exception <a 'java/lang/NoSuchMethodError'{0x0000000083f42438}: 'void java.lang.invoke.DirectMethodHandle$Holder.invokeStatic(java.lang.Object, java.lang.Object, java.lang.Object, int, java.lang.Object)'> (0x0000000083f42438) 
thrown [s\src\hotspot\share\interpreter\linkResolver.cpp, line 771]
Event: 5.289 Thread 0x000002583a39aa00 Exception <a 'java/lang/NoSuchMethodError'{0x0000000084a20ed8}: 'java.lang.Object java.lang.invoke.DirectMethodHandle$Holder.newInvokeSpecial(java.lang.Object, java.lang.Object, java.lang.Object, java.lang.Object, int, java.lang.Object)'> (0x0000000084a20ed8) 
thrown [s\src\hotspot\share\interpreter\linkResolver.cpp, line 771]
Event: 5.289 Thread 0x000002583a39aa00 Exception <a 'java/lang/NoSuchMethodError'{0x0000000084a26230}: 'java.lang.Object java.lang.invoke.Invokers$Holder.linkToTargetMethod(java.lang.Object, java.lang.Object, java.lang.Object, int, java.lang.Object, java.lang.Object)'> (0x0000000084a26230) 
thrown [s\src\hotspot\share\interpreter\linkResolver.cpp, line 771]
Event: 5.647 Thread 0x000002583a39aa00 Exception <a 'java/lang/NoSuchMethodError'{0x0000000083e59520}: 'long java.lang.invoke.DirectMethodHandle$Holder.invokeVirtual(java.lang.Object, java.lang.Object)'> (0x0000000083e59520) 
thrown [s\src\hotspot\share\interpreter\linkResolver.cpp, line 771]
Event: 5.650 Thread 0x000002583a399ad0 Exception <a 'java/lang/NoSuchMethodError'{0x0000000083eae970}: static Lorg/gradle/internal/build/event/types/DefaultOperationFinishedProgressEvent;.<clinit>()V> (0x0000000083eae970) 
thrown [s\src\hotspot\share\prims\jni.cpp, line 1108]
Event: 5.653 Thread 0x000002583a399ad0 Exception <a 'java/lang/NoSuchMethodError'{0x0000000083ed92a0}: static Lorg/gradle/internal/build/event/types/DefaultProjectConfigurationSuccessResult;.<clinit>()V> (0x0000000083ed92a0) 
thrown [s\src\hotspot\share\prims\jni.cpp, line 1108]
Event: 5.654 Thread 0x000002583a399ad0 Exception <a 'java/lang/NoSuchMethodError'{0x0000000083eddee8}: static Lorg/gradle/internal/build/event/types/AbstractProjectConfigurationResult;.<clinit>()V> (0x0000000083eddee8) 
thrown [s\src\hotspot\share\prims\jni.cpp, line 1108]
Event: 5.654 Thread 0x000002583a399ad0 Exception <a 'java/lang/NoSuchMethodError'{0x0000000083edf2e8}: static Lorg/gradle/internal/build/event/types/AbstractOperationResult;.<clinit>()V> (0x0000000083edf2e8) 
thrown [s\src\hotspot\share\prims\jni.cpp, line 1108]
Event: 5.654 Thread 0x000002583a399ad0 Exception <a 'java/lang/NoSuchMethodError'{0x0000000083ee0860}: static Lorg/gradle/internal/build/event/types/AbstractResult;.<clinit>()V> (0x0000000083ee0860) 
thrown [s\src\hotspot\share\prims\jni.cpp, line 1108]
Event: 5.655 Thread 0x000002583a399ad0 Exception <a 'java/lang/NoSuchMethodError'{0x0000000083ef9560}: static Lorg/gradle/internal/build/event/types/DefaultPluginApplicationResult;.<clinit>()V> (0x0000000083ef9560) 
thrown [s\src\hotspot\share\prims\jni.cpp, line 1108]
Event: 5.656 Thread 0x000002583a399ad0 Exception <a 'java/lang/NoSuchMethodError'{0x0000000083d067c0}: static Lorg/gradle/internal/build/event/types/DefaultBinaryPluginIdentifier;.<clinit>()V> (0x0000000083d067c0) 
thrown [s\src\hotspot\share\prims\jni.cpp, line 1108]
Event: 5.658 Thread 0x000002583a399ad0 Exception <a 'java/lang/NoSuchMethodError'{0x0000000083d71a78}: static Lorg/gradle/internal/build/event/types/DefaultScriptPluginIdentifier;.<clinit>()V> (0x0000000083d71a78) 
thrown [s\src\hotspot\share\prims\jni.cpp, line 1108]
Event: 5.726 Thread 0x000002583a39aa00 Implicit null exception at 0x00000258262fba92 to 0x00000258262fc1b0
Event: 5.726 Thread 0x000002583a39aa00 Implicit null exception at 0x00000258262fab14 to 0x00000258262fb1b4
Event: 5.803 Thread 0x000002583a39aa00 Exception <a 'java/lang/NoSuchMethodError'{0x0000000085d49a60}: 'void java.lang.invoke.Invokers$Holder.invoke_MT(java.lang.Object, java.lang.Object, java.lang.Object, java.lang.Object)'> (0x0000000085d49a60) 
thrown [s\src\hotspot\share\interpreter\linkResolver.cpp, line 771]
Event: 5.809 Thread 0x000002583a39aa00 Exception <a 'java/lang/NoSuchMethodError'{0x0000000085dc8f30}: 'java.lang.Object java.lang.invoke.DirectMethodHandle$Holder.invokeSpecial(java.lang.Object, java.lang.Object, java.lang.Object, int, java.lang.Object, java.lang.Object)'> (0x0000000085dc8f30) 
thrown [s\src\hotspot\share\interpreter\linkResolver.cpp, line 771]
Event: 5.960 Thread 0x000002583a39aa00 Exception <a 'java/lang/ClassNotFoundException'{0x00000000854a2268}: sun/misc/SharedSecrets> (0x00000000854a2268) 
thrown [s\src\hotspot\share\classfile\systemDictionary.cpp, line 256]
Event: 5.960 Thread 0x000002583a39aa00 Exception <a 'java/lang/ClassNotFoundException'{0x00000000854a3840}: org/gradle/api/internal/plugins/DefaultObjectConfigurationActionBeanInfo> (0x00000000854a3840) 
thrown [s\src\hotspot\share\classfile\systemDictionary.cpp, line 256]
Event: 5.961 Thread 0x000002583a39aa00 Exception <a 'java/lang/ClassNotFoundException'{0x00000000854b9af0}: org/gradle/api/internal/plugins/DefaultObjectConfigurationActionCustomizer> (0x00000000854b9af0) 
thrown [s\src\hotspot\share\classfile\systemDictionary.cpp, line 256]

VM Operations (20 events):
Event: 5.361 Executing VM operation: ICBufferFull done
Event: 5.499 Executing VM operation: G1CollectForAllocation
Event: 5.508 Executing VM operation: G1CollectForAllocation done
Event: 5.630 Executing VM operation: HandshakeAllThreads
Event: 5.630 Executing VM operation: HandshakeAllThreads done
Event: 5.653 Executing VM operation: ICBufferFull
Event: 5.654 Executing VM operation: ICBufferFull done
Event: 5.665 Executing VM operation: G1CollectForAllocation
Event: 5.669 Executing VM operation: G1CollectForAllocation done
Event: 5.700 Executing VM operation: G1PauseRemark
Event: 5.702 Executing VM operation: G1PauseRemark done
Event: 5.718 Executing VM operation: G1PauseCleanup
Event: 5.718 Executing VM operation: G1PauseCleanup done
Event: 6.120 Executing VM operation: G1CollectForAllocation
Event: 6.124 Executing VM operation: G1CollectForAllocation done
Event: 6.136 Executing VM operation: G1CollectForAllocation
Event: 6.138 Executing VM operation: G1CollectForAllocation done
Event: 6.309 Executing VM operation: G1CollectForAllocation
Event: 6.310 Executing VM operation: G1CollectForAllocation done
Event: 6.354 Executing VM operation: G1PauseRemark

Events (20 events):
Event: 5.310 Thread 0x000002583bfeb760 Thread added: 0x000002583bfeb760
Event: 5.312 Thread 0x000002583a39a4f0 Thread added: 0x000002583a39a4f0
Event: 5.313 Thread 0x0000025839e7e150 Thread added: 0x0000025839e7e150
Event: 5.317 Thread 0x0000025839e7e660 Thread added: 0x0000025839e7e660
Event: 5.320 Thread 0x0000025839e7eb70 Thread added: 0x0000025839e7eb70
Event: 5.324 Thread 0x0000025839e7d730 Thread added: 0x0000025839e7d730
Event: 5.648 loading class java/util/stream/SortedOps$RefSortingSink
Event: 5.648 loading class java/util/stream/SortedOps$RefSortingSink done
Event: 5.657 loading class java/time/Ser
Event: 5.657 loading class java/time/Ser done
Event: 5.807 loading class java/lang/ProcessBuilder
Event: 5.808 loading class java/lang/ProcessBuilder done
Event: 5.960 loading class sun/misc/SharedSecrets
Event: 5.960 loading class sun/misc/SharedSecrets done
Event: 5.962 loading class jdk/internal/reflect/UnsafeObjectFieldAccessorImpl
Event: 5.962 loading class jdk/internal/reflect/UnsafeObjectFieldAccessorImpl done
Event: 6.204 loading class java/util/regex/Pattern$1
Event: 6.204 loading class java/util/regex/Pattern$1 done
Event: 6.337 loading class java/io/StringReader
Event: 6.337 loading class java/io/StringReader done


Dynamic libraries:
0x00007ff6da730000 - 0x00007ff6da73a000 	C:\Program Files\Android\Android Studio\jbr\bin\java.exe
0x00007fff96350000 - 0x00007fff96548000 	C:\WINDOWS\SYSTEM32\ntdll.dll
0x00007fff95740000 - 0x00007fff95802000 	C:\WINDOWS\System32\KERNEL32.DLL
0x00007fff93b30000 - 0x00007fff93e26000 	C:\WINDOWS\System32\KERNELBASE.dll
0x00007fff93e60000 - 0x00007fff93f60000 	C:\WINDOWS\System32\ucrtbase.dll
0x00007fff5fc70000 - 0x00007fff5fc87000 	C:\Program Files\Android\Android Studio\jbr\bin\jli.dll
0x00007fff8cb50000 - 0x00007fff8cb6b000 	C:\Program Files\Android\Android Studio\jbr\bin\VCRUNTIME140.dll
0x00007fff94880000 - 0x00007fff94a21000 	C:\WINDOWS\System32\USER32.dll
0x00007fff93e30000 - 0x00007fff93e52000 	C:\WINDOWS\System32\win32u.dll
0x00007fff7be80000 - 0x00007fff7c11b000 	C:\WINDOWS\WinSxS\amd64_microsoft.windows.common-controls_6595b64144ccf1df_6.0.19041.6456_none_60b8a6cb71f64256\COMCTL32.dll
0x00007fff950b0000 - 0x00007fff9514e000 	C:\WINDOWS\System32\msvcrt.dll
0x00007fff961a0000 - 0x00007fff961cb000 	C:\WINDOWS\System32\GDI32.dll
0x00007fff939e0000 - 0x00007fff93af9000 	C:\WINDOWS\System32\gdi32full.dll
0x00007fff93f60000 - 0x00007fff93ffd000 	C:\WINDOWS\System32\msvcp_win.dll
0x00007fff962e0000 - 0x00007fff9630f000 	C:\WINDOWS\System32\IMM32.DLL
0x00007fff8fac0000 - 0x00007fff8facc000 	C:\Program Files\Android\Android Studio\jbr\bin\vcruntime140_1.dll
0x00007fff79ef0000 - 0x00007fff79f7d000 	C:\Program Files\Android\Android Studio\jbr\bin\msvcp140.dll
0x00007fff05330000 - 0x00007fff05fb3000 	C:\Program Files\Android\Android Studio\jbr\bin\server\jvm.dll
0x00007fff952c0000 - 0x00007fff95371000 	C:\WINDOWS\System32\ADVAPI32.dll
0x00007fff961d0000 - 0x00007fff9626f000 	C:\WINDOWS\System32\sechost.dll
0x00007fff94520000 - 0x00007fff94640000 	C:\WINDOWS\System32\RPCRT4.dll
0x00007fff93b00000 - 0x00007fff93b27000 	C:\WINDOWS\System32\bcrypt.dll
0x00007fff92f20000 - 0x00007fff92f6b000 	C:\WINDOWS\SYSTEM32\POWRPROF.dll
0x00007fff8c0e0000 - 0x00007fff8c0e9000 	C:\WINDOWS\SYSTEM32\WSOCK32.dll
0x00007fff87d70000 - 0x00007fff87d97000 	C:\WINDOWS\SYSTEM32\WINMM.dll
0x00007fff89220000 - 0x00007fff8922a000 	C:\WINDOWS\SYSTEM32\VERSION.dll
0x00007fff96270000 - 0x00007fff962db000 	C:\WINDOWS\System32\WS2_32.dll
0x00007fff92de0000 - 0x00007fff92df2000 	C:\WINDOWS\SYSTEM32\UMPDC.dll
0x00007fff917f0000 - 0x00007fff91802000 	C:\WINDOWS\SYSTEM32\kernel.appcore.dll
0x00007fff8cb00000 - 0x00007fff8cb0a000 	C:\Program Files\Android\Android Studio\jbr\bin\jimage.dll
0x00007fff91060000 - 0x00007fff91261000 	C:\WINDOWS\SYSTEM32\DBGHELP.DLL
0x00007fff88ec0000 - 0x00007fff88ef4000 	C:\WINDOWS\SYSTEM32\dbgcore.DLL
0x00007fff94130000 - 0x00007fff941b2000 	C:\WINDOWS\System32\bcryptPrimitives.dll
0x00007fff89400000 - 0x00007fff8940e000 	C:\Program Files\Android\Android Studio\jbr\bin\instrument.dll
0x00007fff5f6b0000 - 0x00007fff5f6d5000 	C:\Program Files\Android\Android Studio\jbr\bin\java.dll
0x00007fff72a20000 - 0x00007fff72a38000 	C:\Program Files\Android\Android Studio\jbr\bin\zip.dll
0x00007fff95a30000 - 0x00007fff961a0000 	C:\WINDOWS\System32\SHELL32.dll
0x00007fff91a10000 - 0x00007fff921b5000 	C:\WINDOWS\SYSTEM32\windows.storage.dll
0x00007fff95380000 - 0x00007fff956d4000 	C:\WINDOWS\System32\combase.dll
0x00007fff93410000 - 0x00007fff9343b000 	C:\WINDOWS\SYSTEM32\Wldp.dll
0x00007fff94ea0000 - 0x00007fff94f6d000 	C:\WINDOWS\System32\OLEAUT32.dll
0x00007fff951b0000 - 0x00007fff9525d000 	C:\WINDOWS\System32\SHCORE.dll
0x00007fff956e0000 - 0x00007fff9573b000 	C:\WINDOWS\System32\shlwapi.dll
0x00007fff93910000 - 0x00007fff93934000 	C:\WINDOWS\SYSTEM32\profapi.dll
0x00007fff64ce0000 - 0x00007fff64cf9000 	C:\Program Files\Android\Android Studio\jbr\bin\net.dll
0x00007fff8fdf0000 - 0x00007fff8fefa000 	C:\WINDOWS\SYSTEM32\WINHTTP.dll
0x00007fff93170000 - 0x00007fff931da000 	C:\WINDOWS\system32\mswsock.dll
0x00007fff60a50000 - 0x00007fff60a66000 	C:\Program Files\Android\Android Studio\jbr\bin\nio.dll
0x00007fff89490000 - 0x00007fff894a0000 	C:\Program Files\Android\Android Studio\jbr\bin\verify.dll
0x00007fff8bad0000 - 0x00007fff8baf7000 	C:\Users\aman2\.gradle\native\c067742578af261105cb4f569cf0c3c89f3d7b1fecec35dd04571415982c5e48\windows-amd64\native-platform.dll
0x00007fff79da0000 - 0x00007fff79ee4000 	C:\Users\aman2\.gradle\native\38dada09dfb8b06ba9b0570ebf7e218e3eb74d4ef43ca46872605cf95ebc2f47\windows-amd64\native-platform-file-events.dll
0x00007fff8bee0000 - 0x00007fff8bee9000 	C:\Program Files\Android\Android Studio\jbr\bin\management.dll
0x00007fff8afb0000 - 0x00007fff8afbb000 	C:\Program Files\Android\Android Studio\jbr\bin\management_ext.dll
0x00007fff94f70000 - 0x00007fff94f78000 	C:\WINDOWS\System32\PSAPI.DLL
0x00007fff93360000 - 0x00007fff93378000 	C:\WINDOWS\SYSTEM32\CRYPTSP.dll
0x00007fff929f0000 - 0x00007fff92a28000 	C:\WINDOWS\system32\rsaenh.dll
0x00007fff938d0000 - 0x00007fff938fe000 	C:\WINDOWS\SYSTEM32\USERENV.dll
0x00007fff93380000 - 0x00007fff9338c000 	C:\WINDOWS\SYSTEM32\CRYPTBASE.dll
0x00007fff92e00000 - 0x00007fff92e3b000 	C:\WINDOWS\SYSTEM32\IPHLPAPI.DLL
0x00007fff95810000 - 0x00007fff95818000 	C:\WINDOWS\System32\NSI.dll
0x00007fff8c220000 - 0x00007fff8c237000 	C:\WINDOWS\SYSTEM32\dhcpcsvc6.DLL
0x00007fff8c990000 - 0x00007fff8c9ad000 	C:\WINDOWS\SYSTEM32\dhcpcsvc.DLL
0x00007fff92e40000 - 0x00007fff92f0a000 	C:\WINDOWS\SYSTEM32\DNSAPI.dll
0x00007fff8c0d0000 - 0x00007fff8c0d9000 	C:\Program Files\Android\Android Studio\jbr\bin\extnet.dll
0x00007fff7aa90000 - 0x00007fff7aa97000 	C:\WINDOWS\system32\wshunix.dll

dbghelp: loaded successfully - version: 4.0.5 - missing functions: none
symbol engine: initialized successfully - sym options: 0x614 - pdb path: .;C:\Program Files\Android\Android Studio\jbr\bin;C:\WINDOWS\SYSTEM32;C:\WINDOWS\WinSxS\amd64_microsoft.windows.common-controls_6595b64144ccf1df_6.0.19041.6456_none_60b8a6cb71f64256;C:\Program Files\Android\Android Studio\jbr\bin\server;C:\Users\aman2\.gradle\native\c067742578af261105cb4f569cf0c3c89f3d7b1fecec35dd04571415982c5e48\windows-amd64;C:\Users\aman2\.gradle\native\38dada09dfb8b06ba9b0570ebf7e218e3eb74d4ef43ca46872605cf95ebc2f47\windows-amd64

VM Arguments:
jvm_args: --add-opens=java.base/java.util=ALL-UNNAMED --add-opens=java.base/java.lang=ALL-UNNAMED --add-opens=java.base/java.lang.invoke=ALL-UNNAMED --add-opens=java.prefs/java.util.prefs=ALL-UNNAMED --add-opens=java.base/java.nio.charset=ALL-UNNAMED --add-opens=java.base/java.net=ALL-UNNAMED --add-opens=java.base/java.util.concurrent.atomic=ALL-UNNAMED -Xmx2048m -Dfile.encoding=UTF-8 -Duser.country=IN -Duser.language=en -Duser.variant -javaagent:C:\Users\aman2\.gradle\wrapper\dists\gradle-8.7-bin\bhs2wmbdwecv87pi65oeuq5iu\gradle-8.7\lib\agents\gradle-instrumentation-agent-8.7.jar 
java_command: org.gradle.launcher.daemon.bootstrap.GradleDaemon 8.7
java_class_path (initial): C:\Users\aman2\.gradle\wrapper\dists\gradle-8.7-bin\bhs2wmbdwecv87pi65oeuq5iu\gradle-8.7\lib\gradle-launcher-8.7.jar
Launcher Type: SUN_STANDARD

[Global flags]
     intx CICompilerCount                          = 4                                         {product} {ergonomic}
     uint ConcGCThreads                            = 2                                         {product} {ergonomic}
     uint G1ConcRefinementThreads                  = 8                                         {product} {ergonomic}
   size_t G1HeapRegionSize                         = 1048576                                   {product} {ergonomic}
    uintx GCDrainStackTargetSize                   = 64                                        {product} {ergonomic}
   size_t InitialHeapSize                          = 132120576                                 {product} {ergonomic}
   size_t MarkStackSize                            = 4194304                                   {product} {ergonomic}
   size_t MaxHeapSize                              = 2147483648                                {product} {command line}
   size_t MaxNewSize                               = 1287651328                                {product} {ergonomic}
   size_t MinHeapDeltaBytes                        = 1048576                                   {product} {ergonomic}
   size_t MinHeapSize                              = 8388608                                   {product} {ergonomic}
    uintx NonNMethodCodeHeapSize                   = 5839372                                {pd product} {ergonomic}
    uintx NonProfiledCodeHeapSize                  = 122909434                              {pd product} {ergonomic}
    uintx ProfiledCodeHeapSize                     = 122909434                              {pd product} {ergonomic}
    uintx ReservedCodeCacheSize                    = 251658240                              {pd product} {ergonomic}
     bool SegmentedCodeCache                       = true                                      {product} {ergonomic}
   size_t SoftMaxHeapSize                          = 2147483648                             {manageable} {ergonomic}
     bool UseCompressedClassPointers               = true                           {product lp64_product} {ergonomic}
     bool UseCompressedOops                        = true                           {product lp64_product} {ergonomic}
     bool UseG1GC                                  = true                                      {product} {ergonomic}
     bool UseLargePagesIndividualAllocation        = false                                  {pd product} {ergonomic}

Logging:
Log output configuration:
 #0: stdout all=warning uptime,level,tags
 #1: stderr all=off uptime,level,tags

Environment Variables:
PATH=C:\Program Files\Common Files\Oracle\Java\javapath;C:\Program Files\NVIDIA GPU Computing Toolkit\CUDA\v11.7\bin;C:\Program Files\NVIDIA GPU Computing Toolkit\CUDA\v11.7\libnvvp;C:\Users\aman2\Desktop\IndiaMart\training\oracle\bin;C:\Windows\system32;C:\Windows;C:\Windows\System32\Wbem;C:\Windows\System32\WindowsPowerShell\v1.0\;C:\Windows\System32\OpenSSH\;C:\Program Files (x86)\NVIDIA Corporation\PhysX\Common;C:\Program Files\Git LFS;C:\Program Files\nodejs\;C:\Program Files\Docker\Docker\resources\bin;C:\ProgramData\DockerDesktop\version-bin;C:\Program Files (x86)\Yarn\bin\;C:\Program Files\dotnet\;C:\Program Files\Go\bin;C:\cudnn-windows-x86_64-8.4.0.27_cuda11.6-archive\bin;C:\cudnn-windows-x86_64-8.4.0.27_cuda11.6-archive\include;C:\cudnn-windows-x86_64-8.4.0.27_cuda11.6-archive\lib;C:\Program Files\NVIDIA Corporation\Nsight Compute 2022.2.0\;C:\Program Files\Java\jdk-22\bin;C:\WINDOWS\system32;C:\WINDOWS;C:\WINDOWS\System32\Wbem;C:\WINDOWS\System32\WindowsPowerShell\v1.0\;C:\WINDOWS\System32\OpenSSH\;C:\Program Files\Git\cmd;C:\nginx;;C:\Program Files\NVIDIA Corporation\NVIDIA app\NvDLISR;C:\Program Files\CMake\bin;C:\Program Files (x86)\Windows Kits\10\Windows Performance Toolkit\;C:\Ruby30-x64\bin;C:\Users\aman2\anaconda3;C:\Users\aman2\anaconda3\Library\mingw-w64\bin;C:\Users\aman2\anaconda3\Library\usr\bin;C:\Users\aman2\anaconda3\Library\bin;C:\Users\aman2\anaconda3\Scripts;C:\Users\aman2\AppData\Local\Programs\Python\Python39\Scripts\;C:\Users\aman2\AppData\Local\Programs\Python\Python39\;C:\Users\aman2\AppData\Local\Microsoft\WindowsApps;C:\Program Files\JetBrains\PyCharm Community Edition 2020.1.2\bin;;C:\Users\aman2\AppData\Local\Programs\Microsoft VS Code\bin;C:\Program Files\heroku\bin;C:\Users\aman2\AppData\Roaming\npm;C:\Users\aman2\AppData\Local\Yarn\bin;C:\Users\aman2\go\bin;C:\Program Files (x86)\dotnet;C:\Program Files\dotnet\;C:\Users\aman2\.dotnet\tools;C:\Qt\Tools\Ninja;D:\QGIS-DIRECT\bin;C:\Qt\5.15.0\msvc2019_64\bin;D:\QGIS-DIRECT\apps\qg
USERNAME=aman2
OS=Windows_NT
PROCESSOR_IDENTIFIER=Intel64 Family 6 Model 165 Stepping 2, GenuineIntel
TMP=C:\Users\aman2\AppData\Local\Temp
TEMP=C:\Users\aman2\AppData\Local\Temp



Periodic native trim disabled

JNI global refs:
JNI global refs: 26, weak refs: 0

JNI global refs memory usage: 843, weak refs: 209

OOME stack traces (most recent first):
Classloader memory used:
Loader org.gradle.internal.classloader.VisitableURLClassLoader                         : 3512K
Loader bootstrap                                                                       : 2469K
Loader org.gradle.initialization.MixInLegacyTypesClassLoader                           : 1113K
Loader org.gradle.internal.classloader.VisitableURLClassLoader$InstrumentingVisitableURLClassLoader: 296K
Loader jdk.internal.loader.ClassLoaders$PlatformClassLoader                            : 66825B
Loader jdk.internal.loader.ClassLoaders$AppClassLoader                                 : 28747B
Loader jdk.internal.reflect.DelegatingClassLoader                                      : 23085B
Loader org.gradle.internal.classloader.VisitableURLClassLoader                         : 22592B

Classes loaded by more than one classloader:
Class Program                                                                         : loaded 4 times (x 72B)
Class com.google.common.collect.Iterators$MergingIterator                             : loaded 2 times (x 79B)
Class [Lcom.google.common.collect.AbstractMapEntry;                                   : loaded 2 times (x 67B)
Class com.google.common.collect.SingletonImmutableList                                : loaded 2 times (x 167B)
Class org.gradle.internal.classpath.ClassPath                                         : loaded 2 times (x 68B)
Class org.gradle.api.internal.classpath.DefaultModuleRegistry                         : loaded 2 times (x 84B)
Class Settings_gradle$1$1                                                             : loaded 2 times (x 72B)
Class com.google.common.collect.ListMultimap                                          : loaded 2 times (x 68B)
Class com.google.common.base.CharMatcher$JavaDigit                                    : loaded 2 times (x 109B)
Class com.google.common.base.CharMatcher$Digit                                        : loaded 2 times (x 110B)
Class com.google.common.collect.AbstractMultimap                                      : loaded 2 times (x 121B)
Class org.gradle.api.Action                                                           : loaded 2 times (x 68B)
Class com.google.common.collect.ImmutableEntry                                        : loaded 2 times (x 80B)
Class com.google.common.collect.Lists$StringAsImmutableList                           : loaded 2 times (x 167B)
Class com.google.common.base.CharMatcher                                              : loaded 2 times (x 109B)
Class com.google.common.base.CharMatcher$IsNot                                        : loaded 2 times (x 109B)
Class com.google.common.base.Splitter                                                 : loaded 2 times (x 70B)
Class com.google.common.collect.Iterators$ArrayItr                                    : loaded 2 times (x 95B)
Class org.gradle.api.internal.DefaultClassPathProvider                                : loaded 2 times (x 74B)
Class org.gradle.internal.installation.GradleInstallation$1                           : loaded 2 times (x 73B)
Class com.google.common.base.CharMatcher$BitSetMatcher                                : loaded 2 times (x 110B)
Class com.google.common.collect.ImmutableMap$IteratorBasedImmutableMap                : loaded 2 times (x 123B)
Class com.google.common.collect.ImmutableMap                                          : loaded 2 times (x 118B)
Class com.google.common.base.Converter                                                : loaded 2 times (x 88B)
Class com.google.common.collect.ImmutableSet$EmptySetBuilderImpl                      : loaded 2 times (x 74B)
Class com.google.common.base.Predicate                                                : loaded 2 times (x 68B)
Class org.gradle.internal.classloader.FilteringClassLoader                            : loaded 2 times (x 103B)
Class com.google.common.collect.RegularImmutableSet                                   : loaded 2 times (x 146B)
Class org.gradle.internal.classpath.DefaultClassPath$ImmutableUniqueList$Builder      : loaded 2 times (x 73B)
Class com.google.common.collect.Maps$8                                                : loaded 2 times (x 80B)
Class com.google.common.base.PatternCompiler                                          : loaded 2 times (x 68B)
Class com.google.common.base.CharMatcher$InRange                                      : loaded 2 times (x 109B)
Class com.google.common.collect.BiMap                                                 : loaded 2 times (x 68B)
Class com.google.common.collect.Lists                                                 : loaded 2 times (x 69B)
Class com.google.common.math.IntMath$1                                                : loaded 2 times (x 69B)
Class org.gradle.internal.classloader.ClassLoaderVisitor                              : loaded 2 times (x 74B)
Class com.google.common.math.MathPreconditions                                        : loaded 2 times (x 69B)
Class org.gradle.internal.service.DefaultServiceLocator                               : loaded 2 times (x 81B)
Class org.gradle.internal.service.UnknownServiceException                             : loaded 2 times (x 81B)
Class com.google.common.collect.ArrayListMultimap                                     : loaded 2 times (x 170B)
Class com.google.common.base.Strings                                                  : loaded 2 times (x 69B)
Class org.gradle.internal.classloader.DefaultClassLoaderFactory                       : loaded 2 times (x 80B)
Class com.google.common.collect.UnmodifiableIterator                                  : loaded 2 times (x 78B)
Class com.google.common.base.Platform$JdkPatternCompiler                              : loaded 2 times (x 73B)
Class com.google.common.base.CharMatcher$SingleWidth                                  : loaded 2 times (x 110B)
Class com.google.common.collect.Hashing                                               : loaded 2 times (x 69B)
Class com.google.common.base.JdkPattern                                               : loaded 2 times (x 73B)
Class com.google.common.collect.Multimap                                              : loaded 2 times (x 68B)
Class org.gradle.internal.classloader.VisitableURLClassLoader$Spec                    : loaded 2 times (x 72B)
Class org.gradle.api.GradleException                                                  : loaded 2 times (x 80B)
Class com.google.common.base.CharMatcher$JavaLetterOrDigit                            : loaded 2 times (x 109B)
Class org.gradle.api.internal.classpath.ModuleRegistry                                : loaded 2 times (x 68B)
Class com.google.common.collect.ImmutableCollection                                   : loaded 2 times (x 123B)
Class org.gradle.api.internal.ClassPathProvider                                       : loaded 2 times (x 68B)
Class com.google.common.collect.RegularImmutableMap$Values                            : loaded 2 times (x 167B)
Class org.gradle.internal.classloader.ClasspathUtil$1                                 : loaded 2 times (x 74B)
Class com.google.common.collect.ImmutableEnumMap                                      : loaded 2 times (x 123B)
Class com.google.common.collect.ImmutableList$ReverseImmutableList                    : loaded 2 times (x 168B)
Class org.gradle.internal.classloader.ClassLoaderFactory                              : loaded 2 times (x 68B)
Class com.google.common.collect.ObjectArrays                                          : loaded 2 times (x 69B)
Class com.google.common.collect.Iterators$10                                          : loaded 2 times (x 79B)
Class com.google.common.collect.ImmutableList                                         : loaded 2 times (x 166B)
Class org.gradle.api.internal.classpath.ManifestUtil                                  : loaded 2 times (x 69B)
Class org.gradle.api.specs.Spec                                                       : loaded 2 times (x 68B)
Class com.google.common.base.CharMatcher$Whitespace                                   : loaded 2 times (x 110B)
Class com.google.common.collect.Iterators$1                                           : loaded 2 times (x 79B)
Class com.google.common.collect.Iterators$4                                           : loaded 2 times (x 80B)
Class com.google.common.collect.RegularImmutableMap$BucketOverflowException           : loaded 2 times (x 80B)
Class com.google.common.collect.Iterators$5                                           : loaded 2 times (x 80B)
Class com.google.common.base.Preconditions                                            : loaded 2 times (x 69B)
Class com.google.common.base.Function                                                 : loaded 2 times (x 68B)
Class com.google.common.collect.Iterators$9                                           : loaded 2 times (x 79B)
Class org.gradle.internal.IoActions                                                   : loaded 2 times (x 69B)
Class com.google.common.collect.RegularImmutableMap$KeySet                            : loaded 2 times (x 148B)
Class com.google.common.collect.CollectPreconditions                                  : loaded 2 times (x 69B)
Class com.google.common.collect.Maps                                                  : loaded 2 times (x 69B)
Class com.google.common.collect.RegularImmutableMap                                   : loaded 2 times (x 119B)
Class com.google.common.collect.AbstractIndexedListIterator                           : loaded 2 times (x 94B)
Class com.google.common.base.CharMatcher$None                                         : loaded 2 times (x 110B)
Class org.gradle.api.internal.classpath.EffectiveClassPath                            : loaded 2 times (x 88B)
Class com.google.common.collect.UnmodifiableListIterator                              : loaded 2 times (x 93B)
Class com.google.common.collect.ImmutableList$1                                       : loaded 2 times (x 95B)
Class com.google.common.base.Splitter$Strategy                                        : loaded 2 times (x 68B)
Class com.google.common.collect.ImmutableMapEntrySet$RegularEntrySet                  : loaded 2 times (x 149B)
Class [Lcom.google.common.collect.ImmutableMapEntry;                                  : loaded 2 times (x 67B)
Class org.gradle.internal.installation.CurrentGradleInstallation                      : loaded 2 times (x 71B)
Class org.gradle.internal.agents.InstrumentingClassLoader                             : loaded 2 times (x 68B)
Class org.gradle.internal.installation.CurrentGradleInstallationLocator               : loaded 2 times (x 69B)
Class org.gradle.api.internal.classpath.Module                                        : loaded 2 times (x 68B)
Class com.google.common.base.Splitter$1$1                                             : loaded 2 times (x 84B)
Class com.google.common.collect.ImmutableSet$JdkBackedSetBuilderImpl                  : loaded 2 times (x 74B)
Class com.google.common.collect.ImmutableSet$RegularSetBuilderImpl                    : loaded 2 times (x 75B)
Class org.gradle.internal.service.CachingServiceLocator                               : loaded 2 times (x 80B)
Class [Lcom.google.common.collect.ImmutableEntry;                                     : loaded 2 times (x 67B)
Class org.gradle.internal.classpath.DefaultClassPath                                  : loaded 2 times (x 88B)
Class com.google.common.base.Splitter$SplittingIterator                               : loaded 2 times (x 82B)
Class Build_gradle$1                                                                  : loaded 2 times (x 76B)
Class com.google.common.base.CharMatcher$Is                                           : loaded 2 times (x 109B)
Class com.google.common.base.Platform                                                 : loaded 2 times (x 69B)
Class com.google.common.collect.RegularImmutableAsList                                : loaded 2 times (x 176B)
Class com.google.common.collect.PeekingIterator                                       : loaded 2 times (x 68B)
Class com.google.common.collect.ImmutableMapEntrySet                                  : loaded 2 times (x 149B)
Class com.google.common.collect.ImmutableBiMapFauxverideShim                          : loaded 2 times (x 118B)
Class org.gradle.internal.classloader.SystemClassLoaderSpec                           : loaded 2 times (x 69B)
Class com.google.common.collect.SingletonImmutableSet                                 : loaded 2 times (x 144B)
Class [Lcom.google.common.base.AbstractIterator$State;                                : loaded 2 times (x 67B)
Class com.google.common.collect.ImmutableMap$Builder                                  : loaded 2 times (x 80B)
Class com.google.common.base.AbstractIterator                                         : loaded 2 times (x 78B)
Class com.google.common.base.AbstractIterator$1                                       : loaded 2 times (x 69B)
Class com.google.common.collect.Iterators                                             : loaded 2 times (x 69B)
Class com.google.common.base.CharMatcher$1                                            : loaded 2 times (x 111B)
Class com.google.common.base.CharMatcher$Ascii                                        : loaded 2 times (x 110B)
Class org.gradle.api.UncheckedIOException                                             : loaded 2 times (x 80B)
Class com.google.common.base.CharMatcher$And                                          : loaded 2 times (x 110B)
Class com.google.common.collect.IndexedImmutableSet                                   : loaded 2 times (x 148B)
Class com.google.common.collect.AbstractListMultimap                                  : loaded 2 times (x 170B)
Class com.google.common.base.CharMatcher$Any                                          : loaded 2 times (x 110B)
Class org.gradle.internal.installation.GradleInstallation                             : loaded 2 times (x 73B)
Class com.google.common.collect.ArrayListMultimapGwtSerializationDependencies         : loaded 2 times (x 170B)
Class com.google.common.base.CharMatcher$RangesMatcher                                : loaded 2 times (x 110B)
Class com.google.common.collect.ImmutableList$SubList                                 : loaded 2 times (x 168B)
Class org.gradle.internal.classloader.ClasspathUtil                                   : loaded 2 times (x 69B)
Class com.google.common.base.Splitter$1                                               : loaded 2 times (x 75B)
Class com.google.common.collect.Maps$BiMapConverter                                   : loaded 2 times (x 88B)
Class org.gradle.api.internal.DefaultClassPathRegistry                                : loaded 2 times (x 74B)
Class com.google.common.collect.ImmutableSet$SetBuilderImpl                           : loaded 2 times (x 74B)
Class org.gradle.api.internal.classpath.DefaultModuleRegistry$DefaultModule           : loaded 2 times (x 84B)
Class com.google.common.base.CharMatcher$JavaIsoControl                               : loaded 2 times (x 110B)
Class com.google.common.collect.ImmutableMap$1                                        : loaded 2 times (x 79B)
Class com.google.common.base.CharMatcher$Or                                           : loaded 2 times (x 110B)
Class org.gradle.kotlin.dsl.VersionCatalogAccessorsKt                                 : loaded 2 times (x 69B)
Class com.google.common.collect.Iterables                                             : loaded 2 times (x 69B)
Class com.google.common.base.CharMatcher$JavaLowerCase                                : loaded 2 times (x 109B)
Class org.gradle.api.internal.classpath.UnknownModuleException                        : loaded 2 times (x 80B)
Class com.google.common.collect.Maps$EntryTransformer                                 : loaded 2 times (x 68B)
Class com.google.common.collect.ImmutableCollection$Builder                           : loaded 2 times (x 74B)
Class com.google.common.base.CommonPattern                                            : loaded 2 times (x 72B)
Class org.gradle.internal.service.ServiceLookupException                              : loaded 2 times (x 80B)
Class org.gradle.cache.GlobalCache                                                    : loaded 2 times (x 68B)
Class com.google.common.base.CharMatcher$NegatedFastMatcher                           : loaded 2 times (x 111B)
Class [Lorg.gradle.api.internal.ClassPathProvider;                                    : loaded 2 times (x 67B)
Class org.gradle.util.internal.GUtil                                                  : loaded 2 times (x 69B)
Class com.google.common.math.IntMath                                                  : loaded 2 times (x 69B)
Class com.google.common.collect.AbstractIterator                                      : loaded 2 times (x 80B)
Class org.gradle.internal.classloader.ClassLoaderSpec                                 : loaded 2 times (x 69B)
Class com.google.common.base.NullnessCasts                                            : loaded 2 times (x 69B)
Class com.google.common.collect.AbstractMapEntry                                      : loaded 2 times (x 79B)
Class com.google.common.base.CharMatcher$Negated                                      : loaded 2 times (x 111B)
Class com.google.common.collect.ImmutableSet$Builder                                  : loaded 2 times (x 83B)
Class com.google.common.base.CharMatcher$ForPredicate                                 : loaded 2 times (x 110B)
Class com.google.common.collect.ImmutableMap$MapViewOfValuesAsSingletonSets           : loaded 2 times (x 123B)
Class com.google.common.collect.SortedMapDifference                                   : loaded 2 times (x 68B)
Class org.gradle.internal.classloader.VisitableURLClassLoader                         : loaded 2 times (x 115B)
Class com.google.common.collect.ImmutableBiMap                                        : loaded 2 times (x 141B)
Class org.gradle.internal.Cast                                                        : loaded 2 times (x 69B)
Class Build_gradle                                                                    : loaded 2 times (x 70B)
Class org.gradle.api.internal.ClassPathRegistry                                       : loaded 2 times (x 68B)
Class com.google.common.collect.ImmutableSet                                          : loaded 2 times (x 143B)
Class org.gradle.internal.classloader.VisitableURLClassLoader$InstrumentingVisitableURLClassLoader: loaded 2 times (x 121B)
Class org.gradle.internal.classloader.ClassLoaderHierarchy                            : loaded 2 times (x 68B)
Class com.google.common.base.AbstractIterator$State                                   : loaded 2 times (x 77B)
Class com.google.common.base.CharMatcher$NamedFastMatcher                             : loaded 2 times (x 110B)
Class org.gradle.internal.InternalTransformer                                         : loaded 2 times (x 68B)
Class org.gradle.internal.service.ServiceLocator                                      : loaded 2 times (x 68B)
Class Settings_gradle$1                                                               : loaded 2 times (x 72B)
Class com.google.common.collect.ImmutableMapEntry                                     : loaded 2 times (x 83B)
Class com.google.common.base.CharMatcher$Invisible                                    : loaded 2 times (x 110B)
Class com.google.common.base.CharMatcher$FastMatcher                                  : loaded 2 times (x 109B)
Class org.gradle.internal.classpath.DefaultClassPath$ImmutableUniqueList              : loaded 2 times (x 159B)
Class com.google.common.base.CharMatcher$JavaLetter                                   : loaded 2 times (x 109B)
Class org.gradle.internal.classpath.TransformedClassPath                              : loaded 2 times (x 94B)
Class com.google.common.collect.MapDifference                                         : loaded 2 times (x 68B)
Class Settings_gradle                                                                 : loaded 2 times (x 126B)
Class com.google.common.collect.Platform                                              : loaded 2 times (x 69B)
Class com.google.common.collect.ImmutableAsList                                       : loaded 2 times (x 169B)
Class com.google.common.base.CharMatcher$AnyOf                                        : loaded 2 times (x 110B)
Class com.google.common.base.CharMatcher$IsEither                                     : loaded 2 times (x 109B)
Class com.google.common.collect.RegularImmutableList                                  : loaded 2 times (x 172B)
Class com.google.common.base.CharMatcher$JavaUpperCase                                : loaded 2 times (x 109B)
Class com.google.common.collect.Multiset                                              : loaded 2 times (x 68B)
Class com.google.common.collect.ImmutableSet$CachingAsList                            : loaded 2 times (x 145B)
Class com.google.common.collect.ImmutableMapEntry$NonTerminalImmutableMapEntry        : loaded 2 times (x 83B)
Class com.google.common.collect.AbstractMapBasedMultimap                              : loaded 2 times (x 137B)


---------------  S Y S T E M  ---------------

OS:
 Windows 10 , 64 bit Build 19041 (10.0.19041.5915)
OS uptime: 12 days 3:05 hours
Hyper-V role detected

CPU: total 8 (initial active 8) (4 cores per cpu, 2 threads per core) family 6 model 165 stepping 2 microcode 0xfc, cx8, cmov, fxsr, ht, mmx, 3dnowpref, sse, sse2, sse3, ssse3, sse4.1, sse4.2, popcnt, lzcnt, tsc, tscinvbit, avx, avx2, aes, erms, clmul, bmi1, bmi2, adx, fma, vzeroupper, clflush, clflushopt, hv
Processor Information for all 8 processors :
  Max Mhz: 2496, Current Mhz: 2496, Mhz Limit: 2496

Memory: 4k page, system-wide physical 7985M (412M free)
TotalPageFile size 32561M (AvailPageFile size 6M)
current process WorkingSet (physical memory assigned to process): 278M, peak: 278M
current process commit charge ("private bytes"): 312M, peak: 325M

vm_info: OpenJDK 64-Bit Server VM (17.0.10+0--11609105) for windows-amd64 JRE (17.0.10+0--11609105), built on Mar 21 2024 19:10:56 by "androidbuild" with MS VC++ 16.10 / 16.11 (VS2019)

END.
