#
# There is insufficient memory for the Java Runtime Environment to continue.
# Native memory allocation (mmap) failed to map 130023424 bytes for G1 virtual space
# Possible reasons:
#   The system is out of physical RAM or swap space
#   The process is running with CompressedOops enabled, and the Java Heap may be blocking the growth of the native heap
# Possible solutions:
#   Reduce memory load on the system
#   Increase physical memory or swap space
#   Check if swap backing store is full
#   Decrease Java heap size (-Xmx/-Xms)
#   Decrease number of Java threads
#   Decrease Java thread stack sizes (-Xss)
#   Set larger code cache with -XX:ReservedCodeCacheSize=
#   JVM is running with Unscaled Compressed Oops mode in which the Java heap is
#     placed in the first 4GB address space. The Java Heap base address is the
#     maximum limit for the native heap growth. Please use -XX:HeapBaseMinAddress
#     to set the Java Heap base and to place the Java Heap above 4GB virtual address.
# This output file may be truncated or incomplete.
#
#  Out of Memory Error (os_windows.cpp:3825), pid=41988, tid=61964
#
# JRE version: OpenJDK Runtime Environment (17.0.10) (build 17.0.10+0--11609105)
# Java VM: OpenJDK 64-Bit Server VM (17.0.10+0--11609105, mixed mode, tiered, compressed oops, compressed class ptrs, g1 gc, windows-amd64)
# No core dump will be written. Minidumps are not enabled by default on client versions of Windows
#

---------------  S U M M A R Y ------------

Command Line: --add-opens=java.base/java.util=ALL-UNNAMED --add-opens=java.base/java.lang=ALL-UNNAMED --add-opens=java.base/java.lang.invoke=ALL-UNNAMED --add-opens=java.prefs/java.util.prefs=ALL-UNNAMED --add-opens=java.base/java.nio.charset=ALL-UNNAMED --add-opens=java.base/java.net=ALL-UNNAMED --add-opens=java.base/java.util.concurrent.atomic=ALL-UNNAMED -Xmx2048m -Dfile.encoding=UTF-8 -Duser.country=IN -Duser.language=en -Duser.variant -javaagent:C:\Users\aman2\.gradle\wrapper\dists\gradle-8.7-bin\bhs2wmbdwecv87pi65oeuq5iu\gradle-8.7\lib\agents\gradle-instrumentation-agent-8.7.jar org.gradle.launcher.daemon.bootstrap.GradleDaemon 8.7

Host: Intel(R) Core(TM) i5-10300H CPU @ 2.50GHz, 8 cores, 7G,  Windows 10 , 64 bit Build 19041 (10.0.19041.5915)
Time: Wed Dec 17 22:03:11 2025 India Standard Time elapsed time: 5.961071 seconds (0d 0h 0m 5s)

---------------  T H R E A D  ---------------

Current thread (0x000002107f173940):  VMThread "VM Thread" [stack: 0x000000c81ef00000,0x000000c81f000000] [id=61964]

Stack: [0x000000c81ef00000,0x000000c81f000000]
Native frames: (J=compiled Java code, j=interpreted, Vv=VM code, C=native code)
V  [jvm.dll+0x688de9]
V  [jvm.dll+0x8423da]
V  [jvm.dll+0x84401e]
V  [jvm.dll+0x844683]
V  [jvm.dll+0x24be0f]
V  [jvm.dll+0x685bb9]
V  [jvm.dll+0x67a46a]
V  [jvm.dll+0x30cbab]
V  [jvm.dll+0x314056]
V  [jvm.dll+0x363dce]
V  [jvm.dll+0x363fff]
V  [jvm.dll+0x2e2978]
V  [jvm.dll+0x2e0b54]
V  [jvm.dll+0x2e015c]
V  [jvm.dll+0x325351]
V  [jvm.dll+0x848d7b]
V  [jvm.dll+0x849ac1]
V  [jvm.dll+0x849fdd]
V  [jvm.dll+0x84a3b4]
V  [jvm.dll+0x84a480]
V  [jvm.dll+0x7f0c7a]
V  [jvm.dll+0x687c65]
C  [ucrtbase.dll+0x21bb2]
C  [KERNEL32.DLL+0x17374]
C  [ntdll.dll+0x4cc91]

VM_Operation (0x000000c8206f1340): G1TryInitiateConcMark, mode: safepoint, requested by thread 0x0000021017892f10


---------------  P R O C E S S  ---------------

Threads class SMR info:
_java_thread_list=0x0000021019c05030, length=47, elements={
0x00000210782f6d90, 0x000002107f2c3620, 0x000002107f2c5de0, 0x000002107f18dfe0,
0x000002107f18e8b0, 0x000002107f2e6420, 0x000002107f2e6cf0, 0x000002107f2e78f0,
0x000002107f2e89a0, 0x000002107f2eba60, 0x000002107f101fa0, 0x000002107f535220,
0x0000021017f53020, 0x00000210178951c0, 0x0000021017d27fc0, 0x000002101811a5b0,
0x0000021017bc60f0, 0x0000021017bc65d0, 0x0000021017892f10, 0x0000021017a9eed0,
0x0000021017a9fe00, 0x0000021017aa0820, 0x0000021017aa0310, 0x0000021017a9e9c0,
0x0000021017a9f3e0, 0x0000021017a9d580, 0x0000021017a9d070, 0x0000021017a9f8f0,
0x0000021017a9e4b0, 0x0000021017a9da90, 0x00000210195c0400, 0x00000210195c1330,
0x00000210195c2770, 0x00000210195bd670, 0x00000210195c3190, 0x00000210195c2c80,
0x00000210195bdb80, 0x00000210195c36a0, 0x00000210195c3bb0, 0x00000210195bf4d0,
0x00000210195bc740, 0x00000210195c0910, 0x00000210195beab0, 0x00000210195bcc50,
0x00000210195be090, 0x00000210195c40c0, 0x00000210195befc0
}

Java Threads: ( => current thread )
  0x00000210782f6d90 JavaThread "main" [_thread_blocked, id=60248, stack(0x000000c81e900000,0x000000c81ea00000)]
  0x000002107f2c3620 JavaThread "Reference Handler" daemon [_thread_blocked, id=4444, stack(0x000000c81f000000,0x000000c81f100000)]
  0x000002107f2c5de0 JavaThread "Finalizer" daemon [_thread_blocked, id=60296, stack(0x000000c81f100000,0x000000c81f200000)]
  0x000002107f18dfe0 JavaThread "Signal Dispatcher" daemon [_thread_blocked, id=28272, stack(0x000000c81f200000,0x000000c81f300000)]
  0x000002107f18e8b0 JavaThread "Attach Listener" daemon [_thread_blocked, id=20552, stack(0x000000c81f300000,0x000000c81f400000)]
  0x000002107f2e6420 JavaThread "Service Thread" daemon [_thread_blocked, id=18864, stack(0x000000c81f400000,0x000000c81f500000)]
  0x000002107f2e6cf0 JavaThread "Monitor Deflation Thread" daemon [_thread_blocked, id=11396, stack(0x000000c81f500000,0x000000c81f600000)]
  0x000002107f2e78f0 JavaThread "C2 CompilerThread0" daemon [_thread_blocked, id=15236, stack(0x000000c81f600000,0x000000c81f700000)]
  0x000002107f2e89a0 JavaThread "C1 CompilerThread0" daemon [_thread_blocked, id=25632, stack(0x000000c81f700000,0x000000c81f800000)]
  0x000002107f2eba60 JavaThread "Sweeper thread" daemon [_thread_blocked, id=18268, stack(0x000000c81f800000,0x000000c81f900000)]
  0x000002107f101fa0 JavaThread "Common-Cleaner" daemon [_thread_blocked, id=61732, stack(0x000000c81f900000,0x000000c81fa00000)]
  0x000002107f535220 JavaThread "Notification Thread" daemon [_thread_blocked, id=67288, stack(0x000000c81fa00000,0x000000c81fb00000)]
  0x0000021017f53020 JavaThread "Daemon health stats" [_thread_blocked, id=61460, stack(0x000000c820000000,0x000000c820100000)]
  0x00000210178951c0 JavaThread "Incoming local TCP Connector on port 61186" [_thread_in_native, id=4752, stack(0x000000c820100000,0x000000c820200000)]
  0x0000021017d27fc0 JavaThread "Daemon periodic checks" [_thread_blocked, id=45232, stack(0x000000c820200000,0x000000c820300000)]
  0x000002101811a5b0 JavaThread "Daemon" [_thread_blocked, id=62736, stack(0x000000c820300000,0x000000c820400000)]
  0x0000021017bc60f0 JavaThread "Handler for socket connection from /127.0.0.1:61186 to /127.0.0.1:61187" [_thread_in_native, id=19692, stack(0x000000c820400000,0x000000c820500000)]
  0x0000021017bc65d0 JavaThread "Cancel handler" [_thread_blocked, id=45884, stack(0x000000c820500000,0x000000c820600000)]
  0x0000021017892f10 JavaThread "Daemon worker" [_thread_blocked, id=29884, stack(0x000000c820600000,0x000000c820700000)]
  0x0000021017a9eed0 JavaThread "Asynchronous log dispatcher for DefaultDaemonConnection: socket connection from /127.0.0.1:61186 to /127.0.0.1:61187" [_thread_blocked, id=35344, stack(0x000000c820700000,0x000000c820800000)]
  0x0000021017a9fe00 JavaThread "Stdin handler" [_thread_blocked, id=34940, stack(0x000000c820800000,0x000000c820900000)]
  0x0000021017aa0820 JavaThread "Daemon client event forwarder" [_thread_blocked, id=38756, stack(0x000000c820900000,0x000000c820a00000)]
  0x0000021017aa0310 JavaThread "Cache worker for journal cache (C:\Users\aman2\.gradle\caches\journal-1)" [_thread_blocked, id=58084, stack(0x000000c820e00000,0x000000c820f00000)]
  0x0000021017a9e9c0 JavaThread "File lock request listener" [_thread_in_native, id=70876, stack(0x000000c820f00000,0x000000c821000000)]
  0x0000021017a9f3e0 JavaThread "Cache worker for file hash cache (C:\Users\aman2\.gradle\caches\8.7\fileHashes)" [_thread_blocked, id=67284, stack(0x000000c821000000,0x000000c821100000)]
  0x0000021017a9d580 JavaThread "Cache worker for file hash cache (C:\Users\aman2\Desktop\Payplit\PayPlit\PayPlitApp\.gradle\8.7\fileHashes)" [_thread_blocked, id=31276, stack(0x000000c821100000,0x000000c821200000)]
  0x0000021017a9d070 JavaThread "File watcher server" daemon [_thread_blocked, id=50260, stack(0x000000c821200000,0x000000c821300000)]
  0x0000021017a9f8f0 JavaThread "File watcher consumer" daemon [_thread_blocked, id=39160, stack(0x000000c821300000,0x000000c821400000)]
  0x0000021017a9e4b0 JavaThread "Cache worker for checksums cache (C:\Users\aman2\Desktop\Payplit\PayPlit\PayPlitApp\.gradle\8.7\checksums)" [_thread_blocked, id=60812, stack(0x000000c821400000,0x000000c821500000)]
  0x0000021017a9da90 JavaThread "Cache worker for cache directory md-supplier (C:\Users\aman2\.gradle\caches\8.7\md-supplier)" [_thread_blocked, id=50124, stack(0x000000c821500000,0x000000c821600000)]
  0x00000210195c0400 JavaThread "Cache worker for cache directory md-rule (C:\Users\aman2\.gradle\caches\8.7\md-rule)" [_thread_blocked, id=15808, stack(0x000000c821600000,0x000000c821700000)]
  0x00000210195c1330 JavaThread "Cache worker for file content cache (C:\Users\aman2\.gradle\caches\8.7\fileContent)" [_thread_blocked, id=48120, stack(0x000000c821700000,0x000000c821800000)]
  0x00000210195c2770 JavaThread "Cache worker for Build Output Cleanup Cache (C:\Users\aman2\Desktop\Payplit\PayPlit\PayPlitApp\.gradle\buildOutputCleanup)" [_thread_blocked, id=27720, stack(0x000000c821800000,0x000000c821900000)]
  0x00000210195bd670 JavaThread "Unconstrained build operations" [_thread_blocked, id=70184, stack(0x000000c821900000,0x000000c821a00000)]
  0x00000210195c3190 JavaThread "Unconstrained build operations Thread 2" [_thread_blocked, id=3092, stack(0x000000c821a00000,0x000000c821b00000)]
  0x00000210195c2c80 JavaThread "Unconstrained build operations Thread 3" [_thread_blocked, id=55056, stack(0x000000c821b00000,0x000000c821c00000)]
  0x00000210195bdb80 JavaThread "Unconstrained build operations Thread 4" [_thread_blocked, id=65416, stack(0x000000c821c00000,0x000000c821d00000)]
  0x00000210195c36a0 JavaThread "Unconstrained build operations Thread 5" [_thread_blocked, id=28288, stack(0x000000c821d00000,0x000000c821e00000)]
  0x00000210195c3bb0 JavaThread "Unconstrained build operations Thread 6" [_thread_blocked, id=40164, stack(0x000000c821e00000,0x000000c821f00000)]
  0x00000210195bf4d0 JavaThread "Unconstrained build operations Thread 7" [_thread_blocked, id=60848, stack(0x000000c821f00000,0x000000c822000000)]
  0x00000210195bc740 JavaThread "Unconstrained build operations Thread 8" [_thread_blocked, id=29412, stack(0x000000c822000000,0x000000c822100000)]
  0x00000210195c0910 JavaThread "Unconstrained build operations Thread 9" [_thread_blocked, id=39068, stack(0x000000c822100000,0x000000c822200000)]
  0x00000210195beab0 JavaThread "Unconstrained build operations Thread 10" [_thread_blocked, id=47500, stack(0x000000c822200000,0x000000c822300000)]
  0x00000210195bcc50 JavaThread "Unconstrained build operations Thread 11" [_thread_blocked, id=16644, stack(0x000000c822300000,0x000000c822400000)]
  0x00000210195be090 JavaThread "Unconstrained build operations Thread 12" [_thread_blocked, id=60216, stack(0x000000c822400000,0x000000c822500000)]
  0x00000210195c40c0 JavaThread "Unconstrained build operations Thread 13" [_thread_blocked, id=51752, stack(0x000000c822500000,0x000000c822600000)]
  0x00000210195befc0 JavaThread "Unconstrained build operations Thread 14" [_thread_blocked, id=68468, stack(0x000000c822600000,0x000000c822700000)]

Other Threads:
=>0x000002107f173940 VMThread "VM Thread" [stack: 0x000000c81ef00000,0x000000c81f000000] [id=61964]
  0x000002107f585850 WatcherThread [stack: 0x000000c81fb00000,0x000000c81fc00000] [id=62004]
  0x0000021076309f80 GCTaskThread "GC Thread#0" [stack: 0x000000c81ea00000,0x000000c81eb00000] [id=50048]
  0x00000210173f6410 GCTaskThread "GC Thread#1" [stack: 0x000000c81fc00000,0x000000c81fd00000] [id=62900]
  0x00000210173f66d0 GCTaskThread "GC Thread#2" [stack: 0x000000c81fd00000,0x000000c81fe00000] [id=12736]
  0x0000021017411fb0 GCTaskThread "GC Thread#3" [stack: 0x000000c81fe00000,0x000000c81ff00000] [id=67432]
  0x0000021017188450 GCTaskThread "GC Thread#4" [stack: 0x000000c81ff00000,0x000000c820000000] [id=62480]
  0x00000210181cd240 GCTaskThread "GC Thread#5" [stack: 0x000000c820a00000,0x000000c820b00000] [id=2112]
  0x0000021018188020 GCTaskThread "GC Thread#6" [stack: 0x000000c820b00000,0x000000c820c00000] [id=61724]
  0x0000021018267420 GCTaskThread "GC Thread#7" [stack: 0x000000c820c00000,0x000000c820d00000] [id=65232]
  0x000002107630ea80 ConcurrentGCThread "G1 Main Marker" [stack: 0x000000c81eb00000,0x000000c81ec00000] [id=4784]
  0x0000021078362dc0 ConcurrentGCThread "G1 Conc#0" [stack: 0x000000c81ec00000,0x000000c81ed00000] [id=22440]
  0x000002101827ec70 ConcurrentGCThread "G1 Conc#1" [stack: 0x000000c820d00000,0x000000c820e00000] [id=70920]
  0x00000210783adb70 ConcurrentGCThread "G1 Refine#0" [stack: 0x000000c81ed00000,0x000000c81ee00000] [id=46696]
  0x00000210783ae4b0 ConcurrentGCThread "G1 Service" [stack: 0x000000c81ee00000,0x000000c81ef00000] [id=68208]

Threads with active compile tasks:

VM state: at safepoint (normal execution)

VM Mutex/Monitor currently owned by a thread:  ([mutex/lock_event])
[0x00000210782f2290] Threads_lock - owner thread: 0x000002107f173940
[0x00000210782f2320] Heap_lock - owner thread: 0x0000021017892f10

Heap address: 0x0000000080000000, size: 2048 MB, Compressed Oops mode: 32-bit

CDS archive(s) not mapped
Compressed class space mapped at: 0x0000000100000000-0x0000000140000000, reserved size: 1073741824
Narrow klass base: 0x0000000000000000, Narrow klass shift: 3, Narrow klass range: 0x140000000

GC Precious Log:
 CPUs: 8 total, 8 available
 Memory: 7985M
 Large Page Support: Disabled
 NUMA Support: Disabled
 Compressed Oops: Enabled (32-bit)
 Heap Region Size: 1M
 Heap Min Capacity: 8M
 Heap Initial Capacity: 126M
 Heap Max Capacity: 2G
 Pre-touch: Disabled
 Parallel Workers: 8
 Concurrent Workers: 2
 Concurrent Refinement Workers: 8
 Periodic GC: Disabled

Heap:
 garbage-first heap   total 129024K, used 63059K [0x0000000080000000, 0x0000000100000000)
  region size 1024K, 2 young (2048K), 2 survivors (2048K)
 Metaspace       used 58665K, committed 59264K, reserved 1114112K
  class space    used 8031K, committed 8320K, reserved 1048576K

Heap Regions: E=young(eden), S=young(survivor), O=old, HS=humongous(starts), HC=humongous(continues), CS=collection set, F=free, OA=open archive, CA=closed archive, TAMS=top-at-mark-start (previous, next)
|   0|0x0000000080000000, 0x0000000080100000, 0x0000000080100000|100%|HS|  |TAMS 0x0000000080100000, 0x0000000080100000| Complete 
|   1|0x0000000080100000, 0x0000000080200000, 0x0000000080200000|100%|HC|  |TAMS 0x0000000080200000, 0x0000000080200000| Complete 
|   2|0x0000000080200000, 0x0000000080300000, 0x0000000080300000|100%|HC|  |TAMS 0x0000000080300000, 0x0000000080300000| Complete 
|   3|0x0000000080300000, 0x0000000080400000, 0x0000000080400000|100%|HC|  |TAMS 0x0000000080400000, 0x0000000080400000| Complete 
|   4|0x0000000080400000, 0x0000000080500000, 0x0000000080500000|100%| O|  |TAMS 0x0000000080500000, 0x0000000080500000| Untracked 
|   5|0x0000000080500000, 0x0000000080600000, 0x0000000080600000|100%| O|  |TAMS 0x0000000080600000, 0x0000000080600000| Untracked 
|   6|0x0000000080600000, 0x0000000080700000, 0x0000000080700000|100%| O|  |TAMS 0x0000000080700000, 0x0000000080700000| Untracked 
|   7|0x0000000080700000, 0x0000000080800000, 0x0000000080800000|100%| O|  |TAMS 0x0000000080800000, 0x0000000080800000| Untracked 
|   8|0x0000000080800000, 0x0000000080900000, 0x0000000080900000|100%| O|  |TAMS 0x0000000080900000, 0x0000000080900000| Untracked 
|   9|0x0000000080900000, 0x0000000080a00000, 0x0000000080a00000|100%| O|  |TAMS 0x0000000080a00000, 0x0000000080a00000| Untracked 
|  10|0x0000000080a00000, 0x0000000080b00000, 0x0000000080b00000|100%| O|  |TAMS 0x0000000080b00000, 0x0000000080b00000| Untracked 
|  11|0x0000000080b00000, 0x0000000080c00000, 0x0000000080c00000|100%| O|  |TAMS 0x0000000080c00000, 0x0000000080c00000| Untracked 
|  12|0x0000000080c00000, 0x0000000080d00000, 0x0000000080d00000|100%| O|  |TAMS 0x0000000080d00000, 0x0000000080d00000| Untracked 
|  13|0x0000000080d00000, 0x0000000080e00000, 0x0000000080e00000|100%| O|  |TAMS 0x0000000080e00000, 0x0000000080e00000| Untracked 
|  14|0x0000000080e00000, 0x0000000080f00000, 0x0000000080f00000|100%| O|  |TAMS 0x0000000080f00000, 0x0000000080f00000| Untracked 
|  15|0x0000000080f00000, 0x0000000081000000, 0x0000000081000000|100%| O|  |TAMS 0x0000000081000000, 0x0000000081000000| Untracked 
|  16|0x0000000081000000, 0x0000000081100000, 0x0000000081100000|100%| O|  |TAMS 0x0000000081100000, 0x0000000081100000| Untracked 
|  17|0x0000000081100000, 0x0000000081200000, 0x0000000081200000|100%| O|  |TAMS 0x0000000081200000, 0x0000000081200000| Untracked 
|  18|0x0000000081200000, 0x0000000081300000, 0x0000000081300000|100%| O|  |TAMS 0x0000000081300000, 0x0000000081300000| Untracked 
|  19|0x0000000081300000, 0x0000000081400000, 0x0000000081400000|100%| O|  |TAMS 0x0000000081400000, 0x0000000081400000| Untracked 
|  20|0x0000000081400000, 0x0000000081500000, 0x0000000081500000|100%| O|  |TAMS 0x0000000081500000, 0x0000000081500000| Untracked 
|  21|0x0000000081500000, 0x0000000081600000, 0x0000000081600000|100%| O|  |TAMS 0x0000000081600000, 0x0000000081600000| Untracked 
|  22|0x0000000081600000, 0x0000000081700000, 0x0000000081700000|100%| O|  |TAMS 0x0000000081700000, 0x0000000081700000| Untracked 
|  23|0x0000000081700000, 0x0000000081800000, 0x0000000081800000|100%| O|  |TAMS 0x0000000081800000, 0x0000000081800000| Untracked 
|  24|0x0000000081800000, 0x0000000081900000, 0x0000000081900000|100%| O|  |TAMS 0x0000000081900000, 0x0000000081900000| Untracked 
|  25|0x0000000081900000, 0x0000000081a00000, 0x0000000081a00000|100%| O|  |TAMS 0x0000000081a00000, 0x0000000081a00000| Untracked 
|  26|0x0000000081a00000, 0x0000000081b00000, 0x0000000081b00000|100%| O|  |TAMS 0x0000000081b00000, 0x0000000081b00000| Untracked 
|  27|0x0000000081b00000, 0x0000000081c00000, 0x0000000081c00000|100%| O|  |TAMS 0x0000000081c00000, 0x0000000081c00000| Untracked 
|  28|0x0000000081c00000, 0x0000000081d00000, 0x0000000081d00000|100%| O|  |TAMS 0x0000000081d00000, 0x0000000081d00000| Untracked 
|  29|0x0000000081d00000, 0x0000000081e00000, 0x0000000081e00000|100%| O|  |TAMS 0x0000000081e00000, 0x0000000081e00000| Untracked 
|  30|0x0000000081e00000, 0x0000000081f00000, 0x0000000081f00000|100%| O|  |TAMS 0x0000000081f00000, 0x0000000081f00000| Untracked 
|  31|0x0000000081f00000, 0x0000000082000000, 0x0000000082000000|100%| O|  |TAMS 0x0000000082000000, 0x0000000082000000| Untracked 
|  32|0x0000000082000000, 0x0000000082100000, 0x0000000082100000|100%| O|  |TAMS 0x0000000082100000, 0x0000000082100000| Untracked 
|  33|0x0000000082100000, 0x0000000082200000, 0x0000000082200000|100%| O|  |TAMS 0x0000000082200000, 0x0000000082200000| Untracked 
|  34|0x0000000082200000, 0x0000000082300000, 0x0000000082300000|100%| O|  |TAMS 0x0000000082300000, 0x0000000082300000| Untracked 
|  35|0x0000000082300000, 0x0000000082400000, 0x0000000082400000|100%| O|  |TAMS 0x0000000082400000, 0x0000000082400000| Untracked 
|  36|0x0000000082400000, 0x0000000082500000, 0x0000000082500000|100%|HS|  |TAMS 0x0000000082500000, 0x0000000082500000| Complete 
|  37|0x0000000082500000, 0x0000000082600000, 0x0000000082600000|100%|HS|  |TAMS 0x0000000082600000, 0x0000000082600000| Complete 
|  38|0x0000000082600000, 0x0000000082700000, 0x0000000082700000|100%|HS|  |TAMS 0x0000000082700000, 0x0000000082700000| Complete 
|  39|0x0000000082700000, 0x0000000082800000, 0x0000000082800000|100%|HC|  |TAMS 0x0000000082800000, 0x0000000082800000| Complete 
|  40|0x0000000082800000, 0x0000000082900000, 0x0000000082900000|100%|HS|  |TAMS 0x0000000082900000, 0x0000000082900000| Complete 
|  41|0x0000000082900000, 0x0000000082a00000, 0x0000000082a00000|100%|HC|  |TAMS 0x0000000082a00000, 0x0000000082a00000| Complete 
|  42|0x0000000082a00000, 0x0000000082b00000, 0x0000000082b00000|100%|HS|  |TAMS 0x0000000082b00000, 0x0000000082b00000| Complete 
|  43|0x0000000082b00000, 0x0000000082c00000, 0x0000000082c00000|100%| O|  |TAMS 0x0000000082c00000, 0x0000000082c00000| Untracked 
|  44|0x0000000082c00000, 0x0000000082d00000, 0x0000000082d00000|100%| O|  |TAMS 0x0000000082d00000, 0x0000000082d00000| Untracked 
|  45|0x0000000082d00000, 0x0000000082e00000, 0x0000000082e00000|100%| O|  |TAMS 0x0000000082dab400, 0x0000000082e00000| Untracked 
|  46|0x0000000082e00000, 0x0000000082f00000, 0x0000000082f00000|100%|HS|  |TAMS 0x0000000082f00000, 0x0000000082f00000| Complete 
|  47|0x0000000082f00000, 0x0000000083000000, 0x0000000083000000|100%|HC|  |TAMS 0x0000000083000000, 0x0000000083000000| Complete 
|  48|0x0000000083000000, 0x0000000083100000, 0x0000000083100000|100%|HC|  |TAMS 0x0000000083100000, 0x0000000083100000| Complete 
|  49|0x0000000083100000, 0x0000000083200000, 0x0000000083200000|100%|HC|  |TAMS 0x0000000083200000, 0x0000000083200000| Complete 
|  50|0x0000000083200000, 0x0000000083300000, 0x0000000083300000|100%|HS|  |TAMS 0x0000000083300000, 0x0000000083300000| Complete 
|  51|0x0000000083300000, 0x0000000083400000, 0x0000000083400000|100%|HS|  |TAMS 0x0000000083300000, 0x0000000083400000| Complete 
|  52|0x0000000083400000, 0x0000000083500000, 0x0000000083500000|100%| O|  |TAMS 0x0000000083400000, 0x0000000083500000| Untracked 
|  53|0x0000000083500000, 0x0000000083600000, 0x0000000083600000|100%| O|  |TAMS 0x0000000083500000, 0x0000000083600000| Untracked 
|  54|0x0000000083600000, 0x0000000083700000, 0x0000000083700000|100%| O|  |TAMS 0x0000000083600000, 0x0000000083700000| Untracked 
|  55|0x0000000083700000, 0x0000000083800000, 0x0000000083800000|100%| O|  |TAMS 0x0000000083700000, 0x0000000083800000| Untracked 
|  56|0x0000000083800000, 0x0000000083900000, 0x0000000083900000|100%| O|  |TAMS 0x0000000083800000, 0x0000000083900000| Untracked 
|  57|0x0000000083900000, 0x0000000083a00000, 0x0000000083a00000|100%| O|  |TAMS 0x0000000083900000, 0x0000000083a00000| Untracked 
|  58|0x0000000083a00000, 0x0000000083b00000, 0x0000000083b00000|100%| O|  |TAMS 0x0000000083a00000, 0x0000000083b00000| Untracked 
|  59|0x0000000083b00000, 0x0000000083c00000, 0x0000000083c00000|100%| O|  |TAMS 0x0000000083b00000, 0x0000000083c00000| Untracked 
|  60|0x0000000083c00000, 0x0000000083c48c00, 0x0000000083d00000| 28%| O|  |TAMS 0x0000000083c00000, 0x0000000083c48c00| Untracked 
|  61|0x0000000083d00000, 0x0000000083d00000, 0x0000000083e00000|  0%| F|  |TAMS 0x0000000083d00000, 0x0000000083d00000| Untracked 
|  62|0x0000000083e00000, 0x0000000083e00000, 0x0000000083f00000|  0%| F|  |TAMS 0x0000000083e00000, 0x0000000083e00000| Untracked 
|  63|0x0000000083f00000, 0x0000000083f00000, 0x0000000084000000|  0%| F|  |TAMS 0x0000000083f00000, 0x0000000083f00000| Untracked 
|  64|0x0000000084000000, 0x0000000084000000, 0x0000000084100000|  0%| F|  |TAMS 0x0000000084000000, 0x0000000084000000| Untracked 
|  65|0x0000000084100000, 0x0000000084100000, 0x0000000084200000|  0%| F|  |TAMS 0x0000000084100000, 0x0000000084100000| Untracked 
|  66|0x0000000084200000, 0x0000000084200000, 0x0000000084300000|  0%| F|  |TAMS 0x0000000084200000, 0x0000000084200000| Untracked 
|  67|0x0000000084300000, 0x0000000084300000, 0x0000000084400000|  0%| F|  |TAMS 0x0000000084300000, 0x0000000084300000| Untracked 
|  68|0x0000000084400000, 0x0000000084400000, 0x0000000084500000|  0%| F|  |TAMS 0x0000000084400000, 0x0000000084400000| Untracked 
|  69|0x0000000084500000, 0x0000000084500000, 0x0000000084600000|  0%| F|  |TAMS 0x0000000084500000, 0x0000000084500000| Untracked 
|  70|0x0000000084600000, 0x0000000084600000, 0x0000000084700000|  0%| F|  |TAMS 0x0000000084600000, 0x0000000084600000| Untracked 
|  71|0x0000000084700000, 0x0000000084700000, 0x0000000084800000|  0%| F|  |TAMS 0x0000000084700000, 0x0000000084700000| Untracked 
|  72|0x0000000084800000, 0x0000000084800000, 0x0000000084900000|  0%| F|  |TAMS 0x0000000084800000, 0x0000000084800000| Untracked 
|  73|0x0000000084900000, 0x0000000084900000, 0x0000000084a00000|  0%| F|  |TAMS 0x0000000084900000, 0x0000000084900000| Untracked 
|  74|0x0000000084a00000, 0x0000000084a00000, 0x0000000084b00000|  0%| F|  |TAMS 0x0000000084a00000, 0x0000000084a00000| Untracked 
|  75|0x0000000084b00000, 0x0000000084b00000, 0x0000000084c00000|  0%| F|  |TAMS 0x0000000084b00000, 0x0000000084b00000| Untracked 
|  76|0x0000000084c00000, 0x0000000084c00000, 0x0000000084d00000|  0%| F|  |TAMS 0x0000000084c00000, 0x0000000084c00000| Untracked 
|  77|0x0000000084d00000, 0x0000000084d00000, 0x0000000084e00000|  0%| F|  |TAMS 0x0000000084d00000, 0x0000000084d00000| Untracked 
|  78|0x0000000084e00000, 0x0000000084e00000, 0x0000000084f00000|  0%| F|  |TAMS 0x0000000084e00000, 0x0000000084e00000| Untracked 
|  79|0x0000000084f00000, 0x0000000084f00000, 0x0000000085000000|  0%| F|  |TAMS 0x0000000084f00000, 0x0000000084f00000| Untracked 
|  80|0x0000000085000000, 0x0000000085000000, 0x0000000085100000|  0%| F|  |TAMS 0x0000000085000000, 0x0000000085000000| Untracked 
|  81|0x0000000085100000, 0x0000000085100000, 0x0000000085200000|  0%| F|  |TAMS 0x0000000085100000, 0x0000000085100000| Untracked 
|  82|0x0000000085200000, 0x0000000085200000, 0x0000000085300000|  0%| F|  |TAMS 0x0000000085200000, 0x0000000085200000| Untracked 
|  83|0x0000000085300000, 0x0000000085300000, 0x0000000085400000|  0%| F|  |TAMS 0x0000000085300000, 0x0000000085300000| Untracked 
|  84|0x0000000085400000, 0x0000000085400000, 0x0000000085500000|  0%| F|  |TAMS 0x0000000085400000, 0x0000000085400000| Untracked 
|  85|0x0000000085500000, 0x0000000085500000, 0x0000000085600000|  0%| F|  |TAMS 0x0000000085500000, 0x0000000085500000| Untracked 
|  86|0x0000000085600000, 0x0000000085600000, 0x0000000085700000|  0%| F|  |TAMS 0x0000000085600000, 0x0000000085600000| Untracked 
|  87|0x0000000085700000, 0x0000000085700000, 0x0000000085800000|  0%| F|  |TAMS 0x0000000085700000, 0x0000000085700000| Untracked 
|  88|0x0000000085800000, 0x0000000085800000, 0x0000000085900000|  0%| F|  |TAMS 0x0000000085800000, 0x0000000085800000| Untracked 
|  89|0x0000000085900000, 0x0000000085900000, 0x0000000085a00000|  0%| F|  |TAMS 0x0000000085900000, 0x0000000085900000| Untracked 
|  90|0x0000000085a00000, 0x0000000085a00000, 0x0000000085b00000|  0%| F|  |TAMS 0x0000000085a00000, 0x0000000085a00000| Untracked 
|  91|0x0000000085b00000, 0x0000000085b00000, 0x0000000085c00000|  0%| F|  |TAMS 0x0000000085b00000, 0x0000000085b00000| Untracked 
|  92|0x0000000085c00000, 0x0000000085c00000, 0x0000000085d00000|  0%| F|  |TAMS 0x0000000085c00000, 0x0000000085c00000| Untracked 
|  93|0x0000000085d00000, 0x0000000085d00000, 0x0000000085e00000|  0%| F|  |TAMS 0x0000000085d00000, 0x0000000085d00000| Untracked 
|  94|0x0000000085e00000, 0x0000000085e00000, 0x0000000085f00000|  0%| F|  |TAMS 0x0000000085e00000, 0x0000000085e00000| Untracked 
|  95|0x0000000085f00000, 0x0000000085f00000, 0x0000000086000000|  0%| F|  |TAMS 0x0000000085f00000, 0x0000000085f00000| Untracked 
|  96|0x0000000086000000, 0x0000000086000000, 0x0000000086100000|  0%| F|  |TAMS 0x0000000086000000, 0x0000000086000000| Untracked 
|  97|0x0000000086100000, 0x0000000086100000, 0x0000000086200000|  0%| F|  |TAMS 0x0000000086100000, 0x0000000086100000| Untracked 
|  98|0x0000000086200000, 0x0000000086200000, 0x0000000086300000|  0%| F|  |TAMS 0x0000000086200000, 0x0000000086200000| Untracked 
|  99|0x0000000086300000, 0x0000000086300000, 0x0000000086400000|  0%| F|  |TAMS 0x0000000086300000, 0x0000000086300000| Untracked 
| 100|0x0000000086400000, 0x0000000086400000, 0x0000000086500000|  0%| F|  |TAMS 0x0000000086400000, 0x0000000086400000| Untracked 
| 101|0x0000000086500000, 0x000000008654c348, 0x0000000086600000| 29%| S|CS|TAMS 0x0000000086500000, 0x0000000086500000| Complete 
| 102|0x0000000086600000, 0x0000000086700000, 0x0000000086700000|100%| S|CS|TAMS 0x0000000086600000, 0x0000000086600000| Complete 
| 103|0x0000000086700000, 0x0000000086700000, 0x0000000086800000|  0%| F|  |TAMS 0x0000000086700000, 0x0000000086700000| Untracked 
| 104|0x0000000086800000, 0x0000000086800000, 0x0000000086900000|  0%| F|  |TAMS 0x0000000086800000, 0x0000000086800000| Untracked 
| 105|0x0000000086900000, 0x0000000086900000, 0x0000000086a00000|  0%| F|  |TAMS 0x0000000086900000, 0x0000000086900000| Untracked 
| 106|0x0000000086a00000, 0x0000000086a00000, 0x0000000086b00000|  0%| F|  |TAMS 0x0000000086a00000, 0x0000000086a00000| Untracked 
| 107|0x0000000086b00000, 0x0000000086b00000, 0x0000000086c00000|  0%| F|  |TAMS 0x0000000086b00000, 0x0000000086b00000| Untracked 
| 108|0x0000000086c00000, 0x0000000086c00000, 0x0000000086d00000|  0%| F|  |TAMS 0x0000000086c00000, 0x0000000086c00000| Untracked 
| 109|0x0000000086d00000, 0x0000000086d00000, 0x0000000086e00000|  0%| F|  |TAMS 0x0000000086d00000, 0x0000000086d00000| Untracked 
| 110|0x0000000086e00000, 0x0000000086e00000, 0x0000000086f00000|  0%| F|  |TAMS 0x0000000086e00000, 0x0000000086e00000| Untracked 
| 111|0x0000000086f00000, 0x0000000086f00000, 0x0000000087000000|  0%| F|  |TAMS 0x0000000086f00000, 0x0000000086f00000| Untracked 
| 112|0x0000000087000000, 0x0000000087000000, 0x0000000087100000|  0%| F|  |TAMS 0x0000000087000000, 0x0000000087000000| Untracked 
| 113|0x0000000087100000, 0x0000000087100000, 0x0000000087200000|  0%| F|  |TAMS 0x0000000087100000, 0x0000000087100000| Untracked 
| 114|0x0000000087200000, 0x0000000087200000, 0x0000000087300000|  0%| F|  |TAMS 0x0000000087200000, 0x0000000087200000| Untracked 
| 115|0x0000000087300000, 0x0000000087300000, 0x0000000087400000|  0%| F|  |TAMS 0x0000000087300000, 0x0000000087300000| Untracked 
| 116|0x0000000087400000, 0x0000000087400000, 0x0000000087500000|  0%| F|  |TAMS 0x0000000087400000, 0x0000000087400000| Untracked 
| 117|0x0000000087500000, 0x0000000087500000, 0x0000000087600000|  0%| F|  |TAMS 0x0000000087500000, 0x0000000087500000| Untracked 
| 118|0x0000000087600000, 0x0000000087600000, 0x0000000087700000|  0%| F|  |TAMS 0x0000000087600000, 0x0000000087600000| Untracked 
| 119|0x0000000087700000, 0x0000000087700000, 0x0000000087800000|  0%| F|  |TAMS 0x0000000087700000, 0x0000000087700000| Untracked 
| 120|0x0000000087800000, 0x0000000087800000, 0x0000000087900000|  0%| F|  |TAMS 0x0000000087800000, 0x0000000087800000| Untracked 
| 121|0x0000000087900000, 0x0000000087900000, 0x0000000087a00000|  0%| F|  |TAMS 0x0000000087900000, 0x0000000087900000| Untracked 
| 122|0x0000000087a00000, 0x0000000087a00000, 0x0000000087b00000|  0%| F|  |TAMS 0x0000000087a00000, 0x0000000087a00000| Untracked 
| 123|0x0000000087b00000, 0x0000000087b00000, 0x0000000087c00000|  0%| F|  |TAMS 0x0000000087b00000, 0x0000000087b00000| Untracked 
| 124|0x0000000087c00000, 0x0000000087c00000, 0x0000000087d00000|  0%| F|  |TAMS 0x0000000087c00000, 0x0000000087c00000| Untracked 
| 125|0x0000000087d00000, 0x0000000087d00000, 0x0000000087e00000|  0%| F|  |TAMS 0x0000000087d00000, 0x0000000087d00000| Untracked 

Card table byte_map: [0x000002107bf00000,0x000002107c300000] _byte_map_base: 0x000002107bb00000

Marking Bits (Prev, Next): (CMBitMap*) 0x000002107630a3b0, (CMBitMap*) 0x000002107630a3f0
 Prev Bits: [0x000002107c700000, 0x000002107e700000)
 Next Bits: [0x000002100f000000, 0x0000021011000000)

Polling page: 0x00000210761e0000

Metaspace:

Usage:
  Non-class:     49.45 MB used.
      Class:      7.84 MB used.
       Both:     57.29 MB used.

Virtual space:
  Non-class space:       64.00 MB reserved,      49.75 MB ( 78%) committed,  1 nodes.
      Class space:        1.00 GB reserved,       8.12 MB ( <1%) committed,  1 nodes.
             Both:        1.06 GB reserved,      57.88 MB (  5%) committed. 

Chunk freelists:
   Non-Class:  13.34 MB
       Class:  7.91 MB
        Both:  21.25 MB

MaxMetaspaceSize: unlimited
CompressedClassSpaceSize: 1.00 GB
Initial GC threshold: 21.00 MB
Current GC threshold: 94.94 MB
CDS: off
MetaspaceReclaimPolicy: balanced
 - commit_granule_bytes: 65536.
 - commit_granule_words: 8192.
 - virtual_space_node_default_size: 8388608.
 - enlarge_chunks_in_place: 1.
 - new_chunks_are_fully_committed: 0.
 - uncommit_free_chunks: 1.
 - use_allocation_guard: 0.
 - handle_deallocations: 1.


Internal statistics:

num_allocs_failed_limit: 6.
num_arena_births: 660.
num_arena_deaths: 0.
num_vsnodes_births: 2.
num_vsnodes_deaths: 0.
num_space_committed: 926.
num_space_uncommitted: 0.
num_chunks_returned_to_freelist: 6.
num_chunks_taken_from_freelist: 2682.
num_chunk_merges: 6.
num_chunk_splits: 1747.
num_chunks_enlarged: 1159.
num_inconsistent_stats: 0.

CodeHeap 'non-profiled nmethods': size=120000Kb used=3068Kb max_used=3068Kb free=116931Kb
 bounds [0x0000021007ad0000, 0x0000021007dd0000, 0x000002100f000000]
CodeHeap 'profiled nmethods': size=120000Kb used=11811Kb max_used=11811Kb free=108189Kb
 bounds [0x0000021000000000, 0x0000021000b90000, 0x0000021007530000]
CodeHeap 'non-nmethods': size=5760Kb used=1629Kb max_used=1698Kb free=4130Kb
 bounds [0x0000021007530000, 0x00000210077a0000, 0x0000021007ad0000]
 total_blobs=7454 nmethods=6752 adapters=613
 compilation: enabled
              stopped_count=0, restarted_count=0
 full_count=0

Compilation events (20 events):
Event: 5.940 Thread 0x000002107f2e89a0 nmethod 6787 0x0000021000b84690 code [0x0000021000b848c0, 0x0000021000b85008]
Event: 5.940 Thread 0x000002107f2e89a0 6788       3       java.util.zip.ZipFile$ZipFileInflaterInputStream::available (44 bytes)
Event: 5.940 Thread 0x000002107f2e89a0 nmethod 6788 0x0000021000b85310 code [0x0000021000b854e0, 0x0000021000b85848]
Event: 5.940 Thread 0x000002107f2e89a0 6789   !   3       java.util.zip.Inflater::getBytesWritten (23 bytes)
Event: 5.940 Thread 0x000002107f2e89a0 nmethod 6789 0x0000021000b85990 code [0x0000021000b85b40, 0x0000021000b85d68]
Event: 5.946 Thread 0x000002107f2e78f0 nmethod 6786 0x0000021007dccc90 code [0x0000021007dcce40, 0x0000021007dcd668]
Event: 5.946 Thread 0x000002107f2e78f0 6790   !   4       jdk.internal.ref.PhantomCleanable::remove (60 bytes)
Event: 5.948 Thread 0x000002107f2e78f0 nmethod 6790 0x0000021007dcdb90 code [0x0000021007dcdd20, 0x0000021007dce278]
Event: 5.950 Thread 0x000002107f2e78f0 6791       4       java.lang.String::indexOf (18 bytes)
Event: 5.951 Thread 0x000002107f2e89a0 6793   !   3       com.google.common.collect.MapMakerInternalMap$Segment::get (58 bytes)
Event: 5.951 Thread 0x000002107f2e89a0 nmethod 6793 0x0000021000b85e90 code [0x0000021000b86180, 0x0000021000b876b8]
Event: 5.951 Thread 0x000002107f2e78f0 nmethod 6791 0x0000021007dce390 code [0x0000021007dce520, 0x0000021007dce8d8]
Event: 5.951 Thread 0x000002107f2e89a0 6794       3       com.google.common.collect.MapMakerInternalMap$Segment::getLiveEntry (7 bytes)
Event: 5.951 Thread 0x000002107f2e78f0 6792       4       java.lang.String::indexOf (113 bytes)
Event: 5.951 Thread 0x000002107f2e89a0 nmethod 6794 0x0000021000b87e10 code [0x0000021000b87fa0, 0x0000021000b88148]
Event: 5.951 Thread 0x000002107f2e89a0 6795       3       com.google.common.collect.MapMakerInternalMap$Segment::postReadCleanup (18 bytes)
Event: 5.951 Thread 0x000002107f2e89a0 nmethod 6795 0x0000021000b88210 code [0x0000021000b883c0, 0x0000021000b886d8]
Event: 5.952 Thread 0x000002107f2e78f0 nmethod 6792 0x0000021007dceb10 code [0x0000021007dceca0, 0x0000021007dcf018]
Event: 5.956 Thread 0x000002107f2e89a0 6796       3       java.lang.ClassLoader::findClass (9 bytes)
Event: 5.956 Thread 0x000002107f2e89a0 nmethod 6796 0x0000021000b88810 code [0x0000021000b889a0, 0x0000021000b88b28]

GC Heap History (20 events):
Event: 3.096 GC heap after
{Heap after GC invocations=9 (full 0):
 garbage-first heap   total 71680K, used 23897K [0x0000000080000000, 0x0000000100000000)
  region size 1024K, 2 young (2048K), 2 survivors (2048K)
 Metaspace       used 35640K, committed 35968K, reserved 1114112K
  class space    used 4864K, committed 5056K, reserved 1048576K
}
Event: 3.457 GC heap before
{Heap before GC invocations=10 (full 0):
 garbage-first heap   total 71680K, used 54617K [0x0000000080000000, 0x0000000100000000)
  region size 1024K, 33 young (33792K), 2 survivors (2048K)
 Metaspace       used 41285K, committed 41664K, reserved 1114112K
  class space    used 5473K, committed 5632K, reserved 1048576K
}
Event: 3.461 GC heap after
{Heap after GC invocations=11 (full 0):
 garbage-first heap   total 100352K, used 28120K [0x0000000080000000, 0x0000000100000000)
  region size 1024K, 5 young (5120K), 5 survivors (5120K)
 Metaspace       used 41285K, committed 41664K, reserved 1114112K
  class space    used 5473K, committed 5632K, reserved 1048576K
}
Event: 3.463 GC heap before
{Heap before GC invocations=11 (full 0):
 garbage-first heap   total 100352K, used 29144K [0x0000000080000000, 0x0000000100000000)
  region size 1024K, 6 young (6144K), 5 survivors (5120K)
 Metaspace       used 41285K, committed 41664K, reserved 1114112K
  class space    used 5473K, committed 5632K, reserved 1048576K
}
Event: 3.467 GC heap after
{Heap after GC invocations=12 (full 0):
 garbage-first heap   total 100352K, used 28521K [0x0000000080000000, 0x0000000100000000)
  region size 1024K, 1 young (1024K), 1 survivors (1024K)
 Metaspace       used 41285K, committed 41664K, reserved 1114112K
  class space    used 5473K, committed 5632K, reserved 1048576K
}
Event: 3.867 GC heap before
{Heap before GC invocations=12 (full 0):
 garbage-first heap   total 100352K, used 75625K [0x0000000080000000, 0x0000000100000000)
  region size 1024K, 47 young (48128K), 1 survivors (1024K)
 Metaspace       used 44961K, committed 45376K, reserved 1114112K
  class space    used 6069K, committed 6272K, reserved 1048576K
}
Event: 3.870 GC heap after
{Heap after GC invocations=13 (full 0):
 garbage-first heap   total 100352K, used 31339K [0x0000000080000000, 0x0000000100000000)
  region size 1024K, 4 young (4096K), 4 survivors (4096K)
 Metaspace       used 44961K, committed 45376K, reserved 1114112K
  class space    used 6069K, committed 6272K, reserved 1048576K
}
Event: 4.399 GC heap before
{Heap before GC invocations=13 (full 0):
 garbage-first heap   total 100352K, used 76395K [0x0000000080000000, 0x0000000100000000)
  region size 1024K, 48 young (49152K), 4 survivors (4096K)
 Metaspace       used 50570K, committed 51008K, reserved 1114112K
  class space    used 6970K, committed 7168K, reserved 1048576K
}
Event: 4.403 GC heap after
{Heap after GC invocations=14 (full 0):
 garbage-first heap   total 100352K, used 33985K [0x0000000080000000, 0x0000000100000000)
  region size 1024K, 3 young (3072K), 3 survivors (3072K)
 Metaspace       used 50570K, committed 51008K, reserved 1114112K
  class space    used 6970K, committed 7168K, reserved 1048576K
}
Event: 5.039 GC heap before
{Heap before GC invocations=14 (full 0):
 garbage-first heap   total 100352K, used 79041K [0x0000000080000000, 0x0000000100000000)
  region size 1024K, 46 young (47104K), 3 survivors (3072K)
 Metaspace       used 55741K, committed 56256K, reserved 1114112K
  class space    used 7651K, committed 7936K, reserved 1048576K
}
Event: 5.043 GC heap after
{Heap after GC invocations=15 (full 0):
 garbage-first heap   total 100352K, used 37355K [0x0000000080000000, 0x0000000100000000)
  region size 1024K, 6 young (6144K), 6 survivors (6144K)
 Metaspace       used 55741K, committed 56256K, reserved 1114112K
  class space    used 7651K, committed 7936K, reserved 1048576K
}
Event: 5.408 GC heap before
{Heap before GC invocations=15 (full 0):
 garbage-first heap   total 100352K, used 78315K [0x0000000080000000, 0x0000000100000000)
  region size 1024K, 47 young (48128K), 6 survivors (6144K)
 Metaspace       used 56789K, committed 57280K, reserved 1114112K
  class space    used 7764K, committed 8000K, reserved 1048576K
}
Event: 5.414 GC heap after
{Heap after GC invocations=16 (full 0):
 garbage-first heap   total 100352K, used 41650K [0x0000000080000000, 0x0000000100000000)
  region size 1024K, 5 young (5120K), 5 survivors (5120K)
 Metaspace       used 56789K, committed 57280K, reserved 1114112K
  class space    used 7764K, committed 8000K, reserved 1048576K
}
Event: 5.686 GC heap before
{Heap before GC invocations=16 (full 0):
 garbage-first heap   total 100352K, used 75442K [0x0000000080000000, 0x0000000100000000)
  region size 1024K, 33 young (33792K), 5 survivors (5120K)
 Metaspace       used 57520K, committed 58048K, reserved 1114112K
  class space    used 7873K, committed 8128K, reserved 1048576K
}
Event: 5.690 GC heap after
{Heap after GC invocations=17 (full 0):
 garbage-first heap   total 100352K, used 52909K [0x0000000080000000, 0x0000000100000000)
  region size 1024K, 6 young (6144K), 6 survivors (6144K)
 Metaspace       used 57520K, committed 58048K, reserved 1114112K
  class space    used 7873K, committed 8128K, reserved 1048576K
}
Event: 5.784 GC heap before
{Heap before GC invocations=18 (full 0):
 garbage-first heap   total 100352K, used 63149K [0x0000000080000000, 0x0000000100000000)
  region size 1024K, 11 young (11264K), 6 survivors (6144K)
 Metaspace       used 57536K, committed 58112K, reserved 1114112K
  class space    used 7877K, committed 8128K, reserved 1048576K
}
Event: 5.787 GC heap after
{Heap after GC invocations=19 (full 0):
 garbage-first heap   total 100352K, used 61119K [0x0000000080000000, 0x0000000100000000)
  region size 1024K, 3 young (3072K), 3 survivors (3072K)
 Metaspace       used 57536K, committed 58112K, reserved 1114112K
  class space    used 7877K, committed 8128K, reserved 1048576K
}
Event: 5.928 GC heap before
{Heap before GC invocations=20 (full 0):
 garbage-first heap   total 109568K, used 74431K [0x0000000080000000, 0x0000000100000000)
  region size 1024K, 16 young (16384K), 3 survivors (3072K)
 Metaspace       used 58492K, committed 59072K, reserved 1114112K
  class space    used 8016K, committed 8320K, reserved 1048576K
}
Event: 5.930 GC heap after
{Heap after GC invocations=21 (full 0):
 garbage-first heap   total 109568K, used 62726K [0x0000000080000000, 0x0000000100000000)
  region size 1024K, 1 young (1024K), 1 survivors (1024K)
 Metaspace       used 58492K, committed 59072K, reserved 1114112K
  class space    used 8016K, committed 8320K, reserved 1048576K
}
Event: 5.958 GC heap before
{Heap before GC invocations=21 (full 0):
 garbage-first heap   total 109568K, used 64774K [0x0000000080000000, 0x0000000100000000)
  region size 1024K, 5 young (5120K), 1 survivors (1024K)
 Metaspace       used 58665K, committed 59264K, reserved 1114112K
  class space    used 8031K, committed 8320K, reserved 1048576K
}

Dll operation events (3 events):
Event: 0.010 Loaded shared library C:\Program Files\Android\Android Studio\jbr\bin\java.dll
Event: 0.115 Loaded shared library C:\Program Files\Android\Android Studio\jbr\bin\zip.dll
Event: 0.404 Loaded shared library C:\Program Files\Android\Android Studio\jbr\bin\verify.dll

Deoptimization events (20 events):
Event: 5.878 Thread 0x0000021017892f10 Uncommon trap: trap_request=0xffffffde fr.pc=0x0000021007d30e44 relative=0x00000000000067a4
Event: 5.878 Thread 0x0000021017892f10 Uncommon trap: reason=class_check action=maybe_recompile pc=0x0000021007d30e44 method=java.util.jar.JarFile.getManifestFromReference()Ljava/util/jar/Manifest; @ 152 c2
Event: 5.878 Thread 0x0000021017892f10 DEOPT PACKING pc=0x0000021007d30e44 sp=0x000000c8206f6ea0
Event: 5.878 Thread 0x0000021017892f10 DEOPT UNPACKING pc=0x00000210075869a3 sp=0x000000c8206f6b50 mode 2
Event: 5.881 Thread 0x0000021017892f10 Uncommon trap: trap_request=0xffffffde fr.pc=0x0000021007c9bc3c relative=0x00000000000001fc
Event: 5.881 Thread 0x0000021017892f10 Uncommon trap: reason=class_check action=maybe_recompile pc=0x0000021007c9bc3c method=java.io.BufferedInputStream.read1([BII)I @ 39 c2
Event: 5.881 Thread 0x0000021017892f10 DEOPT PACKING pc=0x0000021007c9bc3c sp=0x000000c8206f6be0
Event: 5.881 Thread 0x0000021017892f10 DEOPT UNPACKING pc=0x00000210075869a3 sp=0x000000c8206f6b98 mode 2
Event: 5.881 Thread 0x0000021017892f10 Uncommon trap: trap_request=0xffffffde fr.pc=0x0000021007c9bc3c relative=0x00000000000001fc
Event: 5.881 Thread 0x0000021017892f10 Uncommon trap: reason=class_check action=maybe_recompile pc=0x0000021007c9bc3c method=java.io.BufferedInputStream.read1([BII)I @ 39 c2
Event: 5.881 Thread 0x0000021017892f10 DEOPT PACKING pc=0x0000021007c9bc3c sp=0x000000c8206f6be0
Event: 5.881 Thread 0x0000021017892f10 DEOPT UNPACKING pc=0x00000210075869a3 sp=0x000000c8206f6b98 mode 2
Event: 5.881 Thread 0x0000021017892f10 Uncommon trap: trap_request=0xffffffde fr.pc=0x0000021007c9bc3c relative=0x00000000000001fc
Event: 5.881 Thread 0x0000021017892f10 Uncommon trap: reason=class_check action=maybe_recompile pc=0x0000021007c9bc3c method=java.io.BufferedInputStream.read1([BII)I @ 39 c2
Event: 5.881 Thread 0x0000021017892f10 DEOPT PACKING pc=0x0000021007c9bc3c sp=0x000000c8206f6be0
Event: 5.881 Thread 0x0000021017892f10 DEOPT UNPACKING pc=0x00000210075869a3 sp=0x000000c8206f6b98 mode 2
Event: 5.932 Thread 0x0000021017892f10 Uncommon trap: trap_request=0xffffffde fr.pc=0x0000021007d30e44 relative=0x00000000000067a4
Event: 5.932 Thread 0x0000021017892f10 Uncommon trap: reason=class_check action=maybe_recompile pc=0x0000021007d30e44 method=java.util.jar.JarFile.getManifestFromReference()Ljava/util/jar/Manifest; @ 152 c2
Event: 5.932 Thread 0x0000021017892f10 DEOPT PACKING pc=0x0000021007d30e44 sp=0x000000c8206f6730
Event: 5.932 Thread 0x0000021017892f10 DEOPT UNPACKING pc=0x00000210075869a3 sp=0x000000c8206f63e0 mode 2

Classes unloaded (0 events):
No events

Classes redefined (0 events):
No events

Internal exceptions (20 events):
Event: 4.889 Thread 0x0000021017892f10 Exception <a 'java/lang/NoSuchMethodError'{0x0000000083f951e0}: 'java.lang.Object java.lang.invoke.DirectMethodHandle$Holder.invokeSpecial(java.lang.Object, java.lang.Object, java.lang.Object, java.lang.Object, java.lang.Object, java.lang.Object, int)'> (0x0000000083f951e0) 
thrown [s\src\hotspot\share\interpreter\linkResolver.cpp, line 771]
Event: 4.889 Thread 0x0000021017892f10 Exception <a 'java/lang/NoSuchMethodError'{0x0000000083f99fc0}: 'java.lang.Object java.lang.invoke.Invokers$Holder.linkToTargetMethod(java.lang.Object, java.lang.Object, java.lang.Object, java.lang.Object, int, java.lang.Object)'> (0x0000000083f99fc0) 
thrown [s\src\hotspot\share\interpreter\linkResolver.cpp, line 771]
Event: 4.892 Thread 0x0000021017892f10 Exception <a 'java/lang/NoSuchMethodError'{0x0000000083fccd30}: 'java.lang.Object java.lang.invoke.DirectMethodHandle$Holder.invokeSpecial(java.lang.Object, java.lang.Object, java.lang.Object, java.lang.Object, java.lang.Object, long)'> (0x0000000083fccd30) 
thrown [s\src\hotspot\share\interpreter\linkResolver.cpp, line 771]
Event: 4.894 Thread 0x0000021017892f10 Exception <a 'java/lang/NoSuchMethodError'{0x0000000083ff0168}: 'void java.lang.invoke.DirectMethodHandle$Holder.invokeStatic(java.lang.Object, java.lang.Object, java.lang.Object, int, java.lang.Object)'> (0x0000000083ff0168) 
thrown [s\src\hotspot\share\interpreter\linkResolver.cpp, line 771]
Event: 5.218 Thread 0x0000021017892f10 Exception <a 'java/lang/NoSuchMethodError'{0x00000000855e8d68}: 'java.lang.Object java.lang.invoke.DirectMethodHandle$Holder.newInvokeSpecial(java.lang.Object, java.lang.Object, java.lang.Object, java.lang.Object, int, java.lang.Object)'> (0x00000000855e8d68) 
thrown [s\src\hotspot\share\interpreter\linkResolver.cpp, line 771]
Event: 5.218 Thread 0x0000021017892f10 Exception <a 'java/lang/NoSuchMethodError'{0x00000000855ee0c0}: 'java.lang.Object java.lang.invoke.Invokers$Holder.linkToTargetMethod(java.lang.Object, java.lang.Object, java.lang.Object, int, java.lang.Object, java.lang.Object)'> (0x00000000855ee0c0) 
thrown [s\src\hotspot\share\interpreter\linkResolver.cpp, line 771]
Event: 5.487 Thread 0x0000021017892f10 Exception <a 'java/lang/NoSuchMethodError'{0x000000008543fb28}: 'long java.lang.invoke.DirectMethodHandle$Holder.invokeVirtual(java.lang.Object, java.lang.Object)'> (0x000000008543fb28) 
thrown [s\src\hotspot\share\interpreter\linkResolver.cpp, line 771]
Event: 5.489 Thread 0x0000021017aa0820 Exception <a 'java/lang/NoSuchMethodError'{0x0000000085499dc8}: static Lorg/gradle/internal/build/event/types/DefaultOperationFinishedProgressEvent;.<clinit>()V> (0x0000000085499dc8) 
thrown [s\src\hotspot\share\prims\jni.cpp, line 1108]
Event: 5.490 Thread 0x0000021017aa0820 Exception <a 'java/lang/NoSuchMethodError'{0x00000000854c0c68}: static Lorg/gradle/internal/build/event/types/DefaultProjectConfigurationSuccessResult;.<clinit>()V> (0x00000000854c0c68) 
thrown [s\src\hotspot\share\prims\jni.cpp, line 1108]
Event: 5.491 Thread 0x0000021017aa0820 Exception <a 'java/lang/NoSuchMethodError'{0x00000000854c4f58}: static Lorg/gradle/internal/build/event/types/AbstractProjectConfigurationResult;.<clinit>()V> (0x00000000854c4f58) 
thrown [s\src\hotspot\share\prims\jni.cpp, line 1108]
Event: 5.491 Thread 0x0000021017aa0820 Exception <a 'java/lang/NoSuchMethodError'{0x00000000854c6458}: static Lorg/gradle/internal/build/event/types/AbstractOperationResult;.<clinit>()V> (0x00000000854c6458) 
thrown [s\src\hotspot\share\prims\jni.cpp, line 1108]
Event: 5.491 Thread 0x0000021017aa0820 Exception <a 'java/lang/NoSuchMethodError'{0x00000000854c7690}: static Lorg/gradle/internal/build/event/types/AbstractResult;.<clinit>()V> (0x00000000854c7690) 
thrown [s\src\hotspot\share\prims\jni.cpp, line 1108]
Event: 5.492 Thread 0x0000021017aa0820 Exception <a 'java/lang/NoSuchMethodError'{0x00000000854de048}: static Lorg/gradle/internal/build/event/types/DefaultPluginApplicationResult;.<clinit>()V> (0x00000000854de048) 
thrown [s\src\hotspot\share\prims\jni.cpp, line 1108]
Event: 5.492 Thread 0x0000021017aa0820 Exception <a 'java/lang/NoSuchMethodError'{0x00000000854e9c48}: static Lorg/gradle/internal/build/event/types/DefaultBinaryPluginIdentifier;.<clinit>()V> (0x00000000854e9c48) 
thrown [s\src\hotspot\share\prims\jni.cpp, line 1108]
Event: 5.494 Thread 0x0000021017aa0820 Exception <a 'java/lang/NoSuchMethodError'{0x000000008538bcc8}: static Lorg/gradle/internal/build/event/types/DefaultScriptPluginIdentifier;.<clinit>()V> (0x000000008538bcc8) 
thrown [s\src\hotspot\share\prims\jni.cpp, line 1108]
Event: 5.605 Thread 0x0000021017892f10 Exception <a 'java/lang/NoSuchMethodError'{0x0000000084b045a0}: 'void java.lang.invoke.Invokers$Holder.invoke_MT(java.lang.Object, java.lang.Object, java.lang.Object, java.lang.Object)'> (0x0000000084b045a0) 
thrown [s\src\hotspot\share\interpreter\linkResolver.cpp, line 771]
Event: 5.610 Thread 0x0000021017892f10 Exception <a 'java/lang/NoSuchMethodError'{0x0000000084b83958}: 'java.lang.Object java.lang.invoke.DirectMethodHandle$Holder.invokeSpecial(java.lang.Object, java.lang.Object, java.lang.Object, int, java.lang.Object, java.lang.Object)'> (0x0000000084b83958) 
thrown [s\src\hotspot\share\interpreter\linkResolver.cpp, line 771]
Event: 5.778 Thread 0x0000021017892f10 Exception <a 'java/lang/ClassNotFoundException'{0x0000000085d1fc00}: sun/misc/SharedSecrets> (0x0000000085d1fc00) 
thrown [s\src\hotspot\share\classfile\systemDictionary.cpp, line 256]
Event: 5.778 Thread 0x0000021017892f10 Exception <a 'java/lang/ClassNotFoundException'{0x0000000085d211d8}: org/gradle/api/internal/plugins/DefaultObjectConfigurationActionBeanInfo> (0x0000000085d211d8) 
thrown [s\src\hotspot\share\classfile\systemDictionary.cpp, line 256]
Event: 5.779 Thread 0x0000021017892f10 Exception <a 'java/lang/ClassNotFoundException'{0x0000000085d373e0}: org/gradle/api/internal/plugins/DefaultObjectConfigurationActionCustomizer> (0x0000000085d373e0) 
thrown [s\src\hotspot\share\classfile\systemDictionary.cpp, line 256]

VM Operations (20 events):
Event: 5.414 Executing VM operation: G1CollectForAllocation done
Event: 5.472 Executing VM operation: HandshakeAllThreads
Event: 5.472 Executing VM operation: HandshakeAllThreads done
Event: 5.529 Executing VM operation: ICBufferFull
Event: 5.529 Executing VM operation: ICBufferFull done
Event: 5.686 Executing VM operation: G1TryInitiateConcMark
Event: 5.690 Executing VM operation: G1TryInitiateConcMark done
Event: 5.712 Executing VM operation: G1PauseRemark
Event: 5.716 Executing VM operation: G1PauseRemark done
Event: 5.730 Executing VM operation: G1PauseCleanup
Event: 5.730 Executing VM operation: G1PauseCleanup done
Event: 5.784 Executing VM operation: G1TryInitiateConcMark
Event: 5.787 Executing VM operation: G1TryInitiateConcMark done
Event: 5.819 Executing VM operation: G1PauseRemark
Event: 5.822 Executing VM operation: G1PauseRemark done
Event: 5.833 Executing VM operation: G1PauseCleanup
Event: 5.833 Executing VM operation: G1PauseCleanup done
Event: 5.928 Executing VM operation: G1CollectForAllocation
Event: 5.930 Executing VM operation: G1CollectForAllocation done
Event: 5.958 Executing VM operation: G1TryInitiateConcMark

Events (20 events):
Event: 5.172 Thread 0x00000210195c36a0 Thread added: 0x00000210195c36a0
Event: 5.172 Thread 0x00000210195c3bb0 Thread added: 0x00000210195c3bb0
Event: 5.172 Thread 0x00000210195bf4d0 Thread added: 0x00000210195bf4d0
Event: 5.231 Thread 0x00000210195bc740 Thread added: 0x00000210195bc740
Event: 5.233 Thread 0x00000210195c0910 Thread added: 0x00000210195c0910
Event: 5.235 Thread 0x00000210195beab0 Thread added: 0x00000210195beab0
Event: 5.236 Thread 0x00000210195bcc50 Thread added: 0x00000210195bcc50
Event: 5.238 Thread 0x00000210195be090 Thread added: 0x00000210195be090
Event: 5.240 Thread 0x00000210195c40c0 Thread added: 0x00000210195c40c0
Event: 5.243 Thread 0x00000210195befc0 Thread added: 0x00000210195befc0
Event: 5.487 loading class java/util/stream/SortedOps$RefSortingSink
Event: 5.488 loading class java/util/stream/SortedOps$RefSortingSink done
Event: 5.493 loading class java/time/Ser
Event: 5.493 loading class java/time/Ser done
Event: 5.609 loading class java/lang/ProcessBuilder
Event: 5.609 loading class java/lang/ProcessBuilder done
Event: 5.778 loading class sun/misc/SharedSecrets
Event: 5.778 loading class sun/misc/SharedSecrets done
Event: 5.780 loading class jdk/internal/reflect/UnsafeObjectFieldAccessorImpl
Event: 5.781 loading class jdk/internal/reflect/UnsafeObjectFieldAccessorImpl done


Dynamic libraries:
0x00007ff6da730000 - 0x00007ff6da73a000 	C:\Program Files\Android\Android Studio\jbr\bin\java.exe
0x00007fff96350000 - 0x00007fff96548000 	C:\WINDOWS\SYSTEM32\ntdll.dll
0x00007fff95740000 - 0x00007fff95802000 	C:\WINDOWS\System32\KERNEL32.DLL
0x00007fff93b30000 - 0x00007fff93e26000 	C:\WINDOWS\System32\KERNELBASE.dll
0x00007fff93e60000 - 0x00007fff93f60000 	C:\WINDOWS\System32\ucrtbase.dll
0x00007fff5fc70000 - 0x00007fff5fc87000 	C:\Program Files\Android\Android Studio\jbr\bin\jli.dll
0x00007fff8cb50000 - 0x00007fff8cb6b000 	C:\Program Files\Android\Android Studio\jbr\bin\VCRUNTIME140.dll
0x00007fff94880000 - 0x00007fff94a21000 	C:\WINDOWS\System32\USER32.dll
0x00007fff93e30000 - 0x00007fff93e52000 	C:\WINDOWS\System32\win32u.dll
0x00007fff7be80000 - 0x00007fff7c11b000 	C:\WINDOWS\WinSxS\amd64_microsoft.windows.common-controls_6595b64144ccf1df_6.0.19041.6456_none_60b8a6cb71f64256\COMCTL32.dll
0x00007fff961a0000 - 0x00007fff961cb000 	C:\WINDOWS\System32\GDI32.dll
0x00007fff950b0000 - 0x00007fff9514e000 	C:\WINDOWS\System32\msvcrt.dll
0x00007fff939e0000 - 0x00007fff93af9000 	C:\WINDOWS\System32\gdi32full.dll
0x00007fff93f60000 - 0x00007fff93ffd000 	C:\WINDOWS\System32\msvcp_win.dll
0x00007fff962e0000 - 0x00007fff9630f000 	C:\WINDOWS\System32\IMM32.DLL
0x00007fff8fac0000 - 0x00007fff8facc000 	C:\Program Files\Android\Android Studio\jbr\bin\vcruntime140_1.dll
0x00007fff79ef0000 - 0x00007fff79f7d000 	C:\Program Files\Android\Android Studio\jbr\bin\msvcp140.dll
0x00007fff05330000 - 0x00007fff05fb3000 	C:\Program Files\Android\Android Studio\jbr\bin\server\jvm.dll
0x00007fff952c0000 - 0x00007fff95371000 	C:\WINDOWS\System32\ADVAPI32.dll
0x00007fff961d0000 - 0x00007fff9626f000 	C:\WINDOWS\System32\sechost.dll
0x00007fff94520000 - 0x00007fff94640000 	C:\WINDOWS\System32\RPCRT4.dll
0x00007fff93b00000 - 0x00007fff93b27000 	C:\WINDOWS\System32\bcrypt.dll
0x00007fff92f20000 - 0x00007fff92f6b000 	C:\WINDOWS\SYSTEM32\POWRPROF.dll
0x00007fff8c0e0000 - 0x00007fff8c0e9000 	C:\WINDOWS\SYSTEM32\WSOCK32.dll
0x00007fff87d70000 - 0x00007fff87d97000 	C:\WINDOWS\SYSTEM32\WINMM.dll
0x00007fff89220000 - 0x00007fff8922a000 	C:\WINDOWS\SYSTEM32\VERSION.dll
0x00007fff96270000 - 0x00007fff962db000 	C:\WINDOWS\System32\WS2_32.dll
0x00007fff92de0000 - 0x00007fff92df2000 	C:\WINDOWS\SYSTEM32\UMPDC.dll
0x00007fff917f0000 - 0x00007fff91802000 	C:\WINDOWS\SYSTEM32\kernel.appcore.dll
0x00007fff8cb00000 - 0x00007fff8cb0a000 	C:\Program Files\Android\Android Studio\jbr\bin\jimage.dll
0x00007fff91060000 - 0x00007fff91261000 	C:\WINDOWS\SYSTEM32\DBGHELP.DLL
0x00007fff88ec0000 - 0x00007fff88ef4000 	C:\WINDOWS\SYSTEM32\dbgcore.DLL
0x00007fff94130000 - 0x00007fff941b2000 	C:\WINDOWS\System32\bcryptPrimitives.dll
0x00007fff89400000 - 0x00007fff8940e000 	C:\Program Files\Android\Android Studio\jbr\bin\instrument.dll
0x00007fff5f6b0000 - 0x00007fff5f6d5000 	C:\Program Files\Android\Android Studio\jbr\bin\java.dll
0x00007fff72a20000 - 0x00007fff72a38000 	C:\Program Files\Android\Android Studio\jbr\bin\zip.dll
0x00007fff95a30000 - 0x00007fff961a0000 	C:\WINDOWS\System32\SHELL32.dll
0x00007fff91a10000 - 0x00007fff921b5000 	C:\WINDOWS\SYSTEM32\windows.storage.dll
0x00007fff95380000 - 0x00007fff956d4000 	C:\WINDOWS\System32\combase.dll
0x00007fff93410000 - 0x00007fff9343b000 	C:\WINDOWS\SYSTEM32\Wldp.dll
0x00007fff94ea0000 - 0x00007fff94f6d000 	C:\WINDOWS\System32\OLEAUT32.dll
0x00007fff951b0000 - 0x00007fff9525d000 	C:\WINDOWS\System32\SHCORE.dll
0x00007fff956e0000 - 0x00007fff9573b000 	C:\WINDOWS\System32\shlwapi.dll
0x00007fff93910000 - 0x00007fff93934000 	C:\WINDOWS\SYSTEM32\profapi.dll
0x00007fff64ce0000 - 0x00007fff64cf9000 	C:\Program Files\Android\Android Studio\jbr\bin\net.dll
0x00007fff8fdf0000 - 0x00007fff8fefa000 	C:\WINDOWS\SYSTEM32\WINHTTP.dll
0x00007fff93170000 - 0x00007fff931da000 	C:\WINDOWS\system32\mswsock.dll
0x00007fff60a50000 - 0x00007fff60a66000 	C:\Program Files\Android\Android Studio\jbr\bin\nio.dll
0x00007fff89490000 - 0x00007fff894a0000 	C:\Program Files\Android\Android Studio\jbr\bin\verify.dll
0x00007fff8bad0000 - 0x00007fff8baf7000 	C:\Users\aman2\.gradle\native\c067742578af261105cb4f569cf0c3c89f3d7b1fecec35dd04571415982c5e48\windows-amd64\native-platform.dll
0x00007fff30320000 - 0x00007fff30464000 	C:\Users\aman2\.gradle\native\38dada09dfb8b06ba9b0570ebf7e218e3eb74d4ef43ca46872605cf95ebc2f47\windows-amd64\native-platform-file-events.dll
0x00007fff8bee0000 - 0x00007fff8bee9000 	C:\Program Files\Android\Android Studio\jbr\bin\management.dll
0x00007fff8afb0000 - 0x00007fff8afbb000 	C:\Program Files\Android\Android Studio\jbr\bin\management_ext.dll
0x00007fff94f70000 - 0x00007fff94f78000 	C:\WINDOWS\System32\PSAPI.DLL
0x00007fff93360000 - 0x00007fff93378000 	C:\WINDOWS\SYSTEM32\CRYPTSP.dll
0x00007fff929f0000 - 0x00007fff92a28000 	C:\WINDOWS\system32\rsaenh.dll
0x00007fff938d0000 - 0x00007fff938fe000 	C:\WINDOWS\SYSTEM32\USERENV.dll
0x00007fff93380000 - 0x00007fff9338c000 	C:\WINDOWS\SYSTEM32\CRYPTBASE.dll
0x00007fff92e00000 - 0x00007fff92e3b000 	C:\WINDOWS\SYSTEM32\IPHLPAPI.DLL
0x00007fff95810000 - 0x00007fff95818000 	C:\WINDOWS\System32\NSI.dll
0x00007fff8c220000 - 0x00007fff8c237000 	C:\WINDOWS\SYSTEM32\dhcpcsvc6.DLL
0x00007fff8c990000 - 0x00007fff8c9ad000 	C:\WINDOWS\SYSTEM32\dhcpcsvc.DLL
0x00007fff92e40000 - 0x00007fff92f0a000 	C:\WINDOWS\SYSTEM32\DNSAPI.dll
0x00007fff8c0d0000 - 0x00007fff8c0d9000 	C:\Program Files\Android\Android Studio\jbr\bin\extnet.dll
0x00007fff7aa90000 - 0x00007fff7aa97000 	C:\WINDOWS\system32\wshunix.dll

dbghelp: loaded successfully - version: 4.0.5 - missing functions: none
symbol engine: initialized successfully - sym options: 0x614 - pdb path: .;C:\Program Files\Android\Android Studio\jbr\bin;C:\WINDOWS\SYSTEM32;C:\WINDOWS\WinSxS\amd64_microsoft.windows.common-controls_6595b64144ccf1df_6.0.19041.6456_none_60b8a6cb71f64256;C:\Program Files\Android\Android Studio\jbr\bin\server;C:\Users\aman2\.gradle\native\c067742578af261105cb4f569cf0c3c89f3d7b1fecec35dd04571415982c5e48\windows-amd64;C:\Users\aman2\.gradle\native\38dada09dfb8b06ba9b0570ebf7e218e3eb74d4ef43ca46872605cf95ebc2f47\windows-amd64

VM Arguments:
jvm_args: --add-opens=java.base/java.util=ALL-UNNAMED --add-opens=java.base/java.lang=ALL-UNNAMED --add-opens=java.base/java.lang.invoke=ALL-UNNAMED --add-opens=java.prefs/java.util.prefs=ALL-UNNAMED --add-opens=java.base/java.nio.charset=ALL-UNNAMED --add-opens=java.base/java.net=ALL-UNNAMED --add-opens=java.base/java.util.concurrent.atomic=ALL-UNNAMED -Xmx2048m -Dfile.encoding=UTF-8 -Duser.country=IN -Duser.language=en -Duser.variant -javaagent:C:\Users\aman2\.gradle\wrapper\dists\gradle-8.7-bin\bhs2wmbdwecv87pi65oeuq5iu\gradle-8.7\lib\agents\gradle-instrumentation-agent-8.7.jar 
java_command: org.gradle.launcher.daemon.bootstrap.GradleDaemon 8.7
java_class_path (initial): C:\Users\aman2\.gradle\wrapper\dists\gradle-8.7-bin\bhs2wmbdwecv87pi65oeuq5iu\gradle-8.7\lib\gradle-launcher-8.7.jar
Launcher Type: SUN_STANDARD

[Global flags]
     intx CICompilerCount                          = 4                                         {product} {ergonomic}
     uint ConcGCThreads                            = 2                                         {product} {ergonomic}
     uint G1ConcRefinementThreads                  = 8                                         {product} {ergonomic}
   size_t G1HeapRegionSize                         = 1048576                                   {product} {ergonomic}
    uintx GCDrainStackTargetSize                   = 64                                        {product} {ergonomic}
   size_t InitialHeapSize                          = 132120576                                 {product} {ergonomic}
   size_t MarkStackSize                            = 4194304                                   {product} {ergonomic}
   size_t MaxHeapSize                              = 2147483648                                {product} {command line}
   size_t MaxNewSize                               = 1287651328                                {product} {ergonomic}
   size_t MinHeapDeltaBytes                        = 1048576                                   {product} {ergonomic}
   size_t MinHeapSize                              = 8388608                                   {product} {ergonomic}
    uintx NonNMethodCodeHeapSize                   = 5839372                                {pd product} {ergonomic}
    uintx NonProfiledCodeHeapSize                  = 122909434                              {pd product} {ergonomic}
    uintx ProfiledCodeHeapSize                     = 122909434                              {pd product} {ergonomic}
    uintx ReservedCodeCacheSize                    = 251658240                              {pd product} {ergonomic}
     bool SegmentedCodeCache                       = true                                      {product} {ergonomic}
   size_t SoftMaxHeapSize                          = 2147483648                             {manageable} {ergonomic}
     bool UseCompressedClassPointers               = true                           {product lp64_product} {ergonomic}
     bool UseCompressedOops                        = true                           {product lp64_product} {ergonomic}
     bool UseG1GC                                  = true                                      {product} {ergonomic}
     bool UseLargePagesIndividualAllocation        = false                                  {pd product} {ergonomic}

Logging:
Log output configuration:
 #0: stdout all=warning uptime,level,tags
 #1: stderr all=off uptime,level,tags

Environment Variables:
PATH=C:\Program Files\Common Files\Oracle\Java\javapath;C:\Program Files\NVIDIA GPU Computing Toolkit\CUDA\v11.7\bin;C:\Program Files\NVIDIA GPU Computing Toolkit\CUDA\v11.7\libnvvp;C:\Users\aman2\Desktop\IndiaMart\training\oracle\bin;C:\Windows\system32;C:\Windows;C:\Windows\System32\Wbem;C:\Windows\System32\WindowsPowerShell\v1.0\;C:\Windows\System32\OpenSSH\;C:\Program Files (x86)\NVIDIA Corporation\PhysX\Common;C:\Program Files\Git LFS;C:\Program Files\nodejs\;C:\Program Files\Docker\Docker\resources\bin;C:\ProgramData\DockerDesktop\version-bin;C:\Program Files (x86)\Yarn\bin\;C:\Program Files\dotnet\;C:\Program Files\Go\bin;C:\cudnn-windows-x86_64-8.4.0.27_cuda11.6-archive\bin;C:\cudnn-windows-x86_64-8.4.0.27_cuda11.6-archive\include;C:\cudnn-windows-x86_64-8.4.0.27_cuda11.6-archive\lib;C:\Program Files\NVIDIA Corporation\Nsight Compute 2022.2.0\;C:\Program Files\Java\jdk-22\bin;C:\WINDOWS\system32;C:\WINDOWS;C:\WINDOWS\System32\Wbem;C:\WINDOWS\System32\WindowsPowerShell\v1.0\;C:\WINDOWS\System32\OpenSSH\;C:\Program Files\Git\cmd;C:\nginx;;C:\Program Files\NVIDIA Corporation\NVIDIA app\NvDLISR;C:\Program Files\CMake\bin;C:\Program Files (x86)\Windows Kits\10\Windows Performance Toolkit\;C:\Ruby30-x64\bin;C:\Users\aman2\anaconda3;C:\Users\aman2\anaconda3\Library\mingw-w64\bin;C:\Users\aman2\anaconda3\Library\usr\bin;C:\Users\aman2\anaconda3\Library\bin;C:\Users\aman2\anaconda3\Scripts;C:\Users\aman2\AppData\Local\Programs\Python\Python39\Scripts\;C:\Users\aman2\AppData\Local\Programs\Python\Python39\;C:\Users\aman2\AppData\Local\Microsoft\WindowsApps;C:\Program Files\JetBrains\PyCharm Community Edition 2020.1.2\bin;;C:\Users\aman2\AppData\Local\Programs\Microsoft VS Code\bin;C:\Program Files\heroku\bin;C:\Users\aman2\AppData\Roaming\npm;C:\Users\aman2\AppData\Local\Yarn\bin;C:\Users\aman2\go\bin;C:\Program Files (x86)\dotnet;C:\Program Files\dotnet\;C:\Users\aman2\.dotnet\tools;C:\Qt\Tools\Ninja;D:\QGIS-DIRECT\bin;C:\Qt\5.15.0\msvc2019_64\bin;D:\QGIS-DIRECT\apps\qg
USERNAME=aman2
OS=Windows_NT
PROCESSOR_IDENTIFIER=Intel64 Family 6 Model 165 Stepping 2, GenuineIntel
TMP=C:\Users\aman2\AppData\Local\Temp
TEMP=C:\Users\aman2\AppData\Local\Temp



Periodic native trim disabled

JNI global refs:
JNI global refs: 26, weak refs: 0

JNI global refs memory usage: 843, weak refs: 841

OOME stack traces (most recent first):
Classloader memory used:
Loader org.gradle.internal.classloader.VisitableURLClassLoader                         : 3491K
Loader bootstrap                                                                       : 2463K
Loader org.gradle.initialization.MixInLegacyTypesClassLoader                           : 1114K
Loader org.gradle.internal.classloader.VisitableURLClassLoader$InstrumentingVisitableURLClassLoader: 127K
Loader jdk.internal.loader.ClassLoaders$PlatformClassLoader                            : 66827B
Loader jdk.internal.loader.ClassLoaders$AppClassLoader                                 : 28714B
Loader org.gradle.internal.classloader.VisitableURLClassLoader                         : 22505B
Loader jdk.internal.reflect.DelegatingClassLoader                                      : 21782B

Classes loaded by more than one classloader:
Class Program                                                                         : loaded 4 times (x 72B)
Class com.google.common.collect.SingletonImmutableList                                : loaded 2 times (x 167B)
Class org.gradle.internal.classpath.ClassPath                                         : loaded 2 times (x 68B)
Class org.gradle.api.internal.classpath.DefaultModuleRegistry                         : loaded 2 times (x 84B)
Class Settings_gradle$1$1                                                             : loaded 2 times (x 72B)
Class com.google.common.base.CharMatcher$JavaDigit                                    : loaded 2 times (x 109B)
Class com.google.common.base.CharMatcher$Digit                                        : loaded 2 times (x 110B)
Class org.gradle.api.Action                                                           : loaded 2 times (x 68B)
Class com.google.common.collect.Lists$StringAsImmutableList                           : loaded 2 times (x 167B)
Class com.google.common.base.CharMatcher                                              : loaded 2 times (x 109B)
Class com.google.common.base.CharMatcher$IsNot                                        : loaded 2 times (x 109B)
Class com.google.common.base.Splitter                                                 : loaded 2 times (x 70B)
Class org.gradle.api.internal.DefaultClassPathProvider                                : loaded 2 times (x 74B)
Class org.gradle.internal.installation.GradleInstallation$1                           : loaded 2 times (x 73B)
Class com.google.common.base.CharMatcher$BitSetMatcher                                : loaded 2 times (x 110B)
Class com.google.common.base.Predicate                                                : loaded 2 times (x 68B)
Class org.gradle.internal.classloader.FilteringClassLoader                            : loaded 2 times (x 103B)
Class org.gradle.internal.classpath.DefaultClassPath$ImmutableUniqueList$Builder      : loaded 2 times (x 73B)
Class com.google.common.base.CharMatcher$InRange                                      : loaded 2 times (x 109B)
Class com.google.common.collect.Lists                                                 : loaded 2 times (x 69B)
Class org.gradle.internal.classloader.ClassLoaderVisitor                              : loaded 2 times (x 74B)
Class org.gradle.internal.service.DefaultServiceLocator                               : loaded 2 times (x 81B)
Class org.gradle.internal.service.UnknownServiceException                             : loaded 2 times (x 81B)
Class org.gradle.internal.classloader.DefaultClassLoaderFactory                       : loaded 2 times (x 80B)
Class com.google.common.collect.UnmodifiableIterator                                  : loaded 2 times (x 78B)
Class com.google.common.base.CharMatcher$SingleWidth                                  : loaded 2 times (x 110B)
Class com.google.common.base.JdkPattern                                               : loaded 2 times (x 73B)
Class org.gradle.internal.classloader.VisitableURLClassLoader$Spec                    : loaded 2 times (x 72B)
Class org.gradle.api.GradleException                                                  : loaded 2 times (x 80B)
Class com.google.common.base.CharMatcher$JavaLetterOrDigit                            : loaded 2 times (x 109B)
Class org.gradle.api.internal.classpath.ModuleRegistry                                : loaded 2 times (x 68B)
Class com.google.common.collect.ImmutableCollection                                   : loaded 2 times (x 123B)
Class org.gradle.api.internal.ClassPathProvider                                       : loaded 2 times (x 68B)
Class org.gradle.internal.classloader.ClasspathUtil$1                                 : loaded 2 times (x 74B)
Class com.google.common.collect.ImmutableList$ReverseImmutableList                    : loaded 2 times (x 168B)
Class org.gradle.internal.classloader.ClassLoaderFactory                              : loaded 2 times (x 68B)
Class com.google.common.collect.ObjectArrays                                          : loaded 2 times (x 69B)
Class com.google.common.collect.ImmutableList                                         : loaded 2 times (x 166B)
Class org.gradle.api.internal.classpath.ManifestUtil                                  : loaded 2 times (x 69B)
Class org.gradle.api.specs.Spec                                                       : loaded 2 times (x 68B)
Class com.google.common.base.CharMatcher$Whitespace                                   : loaded 2 times (x 110B)
Class com.google.common.base.Preconditions                                            : loaded 2 times (x 69B)
Class org.gradle.internal.IoActions                                                   : loaded 2 times (x 69B)
Class com.google.common.collect.CollectPreconditions                                  : loaded 2 times (x 69B)
Class com.google.common.collect.AbstractIndexedListIterator                           : loaded 2 times (x 94B)
Class com.google.common.base.CharMatcher$None                                         : loaded 2 times (x 110B)
Class org.gradle.api.internal.classpath.EffectiveClassPath                            : loaded 2 times (x 88B)
Class com.google.common.collect.UnmodifiableListIterator                              : loaded 2 times (x 93B)
Class com.google.common.collect.ImmutableList$1                                       : loaded 2 times (x 95B)
Class com.google.common.base.Splitter$Strategy                                        : loaded 2 times (x 68B)
Class org.gradle.internal.installation.CurrentGradleInstallation                      : loaded 2 times (x 71B)
Class org.gradle.internal.agents.InstrumentingClassLoader                             : loaded 2 times (x 68B)
Class org.gradle.internal.installation.CurrentGradleInstallationLocator               : loaded 2 times (x 69B)
Class org.gradle.api.internal.classpath.Module                                        : loaded 2 times (x 68B)
Class com.google.common.base.Splitter$1$1                                             : loaded 2 times (x 84B)
Class org.gradle.internal.service.CachingServiceLocator                               : loaded 2 times (x 80B)
Class org.gradle.internal.classpath.DefaultClassPath                                  : loaded 2 times (x 88B)
Class com.google.common.base.Splitter$SplittingIterator                               : loaded 2 times (x 82B)
Class Build_gradle$1                                                                  : loaded 2 times (x 76B)
Class com.google.common.base.CharMatcher$Is                                           : loaded 2 times (x 109B)
Class com.google.common.collect.RegularImmutableAsList                                : loaded 2 times (x 176B)
Class org.gradle.internal.classloader.SystemClassLoaderSpec                           : loaded 2 times (x 69B)
Class [Lcom.google.common.base.AbstractIterator$State;                                : loaded 2 times (x 67B)
Class com.google.common.base.AbstractIterator                                         : loaded 2 times (x 78B)
Class com.google.common.base.AbstractIterator$1                                       : loaded 2 times (x 69B)
Class com.google.common.base.CharMatcher$Ascii                                        : loaded 2 times (x 110B)
Class com.google.common.base.CharMatcher$1                                            : loaded 2 times (x 111B)
Class org.gradle.api.UncheckedIOException                                             : loaded 2 times (x 80B)
Class com.google.common.base.CharMatcher$And                                          : loaded 2 times (x 110B)
Class com.google.common.base.CharMatcher$Any                                          : loaded 2 times (x 110B)
Class org.gradle.internal.installation.GradleInstallation                             : loaded 2 times (x 73B)
Class com.google.common.base.CharMatcher$RangesMatcher                                : loaded 2 times (x 110B)
Class com.google.common.collect.ImmutableList$SubList                                 : loaded 2 times (x 168B)
Class org.gradle.internal.classloader.ClasspathUtil                                   : loaded 2 times (x 69B)
Class com.google.common.base.Splitter$1                                               : loaded 2 times (x 75B)
Class org.gradle.api.internal.DefaultClassPathRegistry                                : loaded 2 times (x 74B)
Class org.gradle.api.internal.classpath.DefaultModuleRegistry$DefaultModule           : loaded 2 times (x 84B)
Class com.google.common.base.CharMatcher$JavaIsoControl                               : loaded 2 times (x 110B)
Class com.google.common.base.CharMatcher$Or                                           : loaded 2 times (x 110B)
Class org.gradle.kotlin.dsl.VersionCatalogAccessorsKt                                 : loaded 2 times (x 69B)
Class com.google.common.base.CharMatcher$JavaLowerCase                                : loaded 2 times (x 109B)
Class org.gradle.api.internal.classpath.UnknownModuleException                        : loaded 2 times (x 80B)
Class com.google.common.base.CommonPattern                                            : loaded 2 times (x 72B)
Class org.gradle.internal.service.ServiceLookupException                              : loaded 2 times (x 80B)
Class org.gradle.cache.GlobalCache                                                    : loaded 2 times (x 68B)
Class com.google.common.base.CharMatcher$NegatedFastMatcher                           : loaded 2 times (x 111B)
Class [Lorg.gradle.api.internal.ClassPathProvider;                                    : loaded 2 times (x 67B)
Class org.gradle.util.internal.GUtil                                                  : loaded 2 times (x 69B)
Class org.gradle.internal.classloader.ClassLoaderSpec                                 : loaded 2 times (x 69B)
Class com.google.common.base.NullnessCasts                                            : loaded 2 times (x 69B)
Class com.google.common.base.CharMatcher$Negated                                      : loaded 2 times (x 111B)
Class com.google.common.base.CharMatcher$ForPredicate                                 : loaded 2 times (x 110B)
Class org.gradle.internal.classloader.VisitableURLClassLoader                         : loaded 2 times (x 115B)
Class org.gradle.internal.Cast                                                        : loaded 2 times (x 69B)
Class Build_gradle                                                                    : loaded 2 times (x 70B)
Class org.gradle.api.internal.ClassPathRegistry                                       : loaded 2 times (x 68B)
Class org.gradle.internal.classloader.VisitableURLClassLoader$InstrumentingVisitableURLClassLoader: loaded 2 times (x 121B)
Class org.gradle.internal.classloader.ClassLoaderHierarchy                            : loaded 2 times (x 68B)
Class com.google.common.base.AbstractIterator$State                                   : loaded 2 times (x 77B)
Class com.google.common.base.CharMatcher$NamedFastMatcher                             : loaded 2 times (x 110B)
Class org.gradle.internal.InternalTransformer                                         : loaded 2 times (x 68B)
Class org.gradle.internal.service.ServiceLocator                                      : loaded 2 times (x 68B)
Class Settings_gradle$1                                                               : loaded 2 times (x 72B)
Class com.google.common.base.CharMatcher$Invisible                                    : loaded 2 times (x 110B)
Class com.google.common.base.CharMatcher$FastMatcher                                  : loaded 2 times (x 109B)
Class org.gradle.internal.classpath.DefaultClassPath$ImmutableUniqueList              : loaded 2 times (x 159B)
Class com.google.common.base.CharMatcher$JavaLetter                                   : loaded 2 times (x 109B)
Class org.gradle.internal.classpath.TransformedClassPath                              : loaded 2 times (x 94B)
Class Settings_gradle                                                                 : loaded 2 times (x 126B)
Class com.google.common.collect.ImmutableAsList                                       : loaded 2 times (x 169B)
Class com.google.common.base.CharMatcher$AnyOf                                        : loaded 2 times (x 110B)
Class com.google.common.base.CharMatcher$IsEither                                     : loaded 2 times (x 109B)
Class com.google.common.collect.RegularImmutableList                                  : loaded 2 times (x 172B)
Class com.google.common.base.CharMatcher$JavaUpperCase                                : loaded 2 times (x 109B)


---------------  S Y S T E M  ---------------

OS:
 Windows 10 , 64 bit Build 19041 (10.0.19041.5915)
OS uptime: 12 days 3:05 hours
Hyper-V role detected

CPU: total 8 (initial active 8) (4 cores per cpu, 2 threads per core) family 6 model 165 stepping 2 microcode 0xfc, cx8, cmov, fxsr, ht, mmx, 3dnowpref, sse, sse2, sse3, ssse3, sse4.1, sse4.2, popcnt, lzcnt, tsc, tscinvbit, avx, avx2, aes, erms, clmul, bmi1, bmi2, adx, fma, vzeroupper, clflush, clflushopt, hv
Processor Information for all 8 processors :
  Max Mhz: 2496, Current Mhz: 2496, Mhz Limit: 2496

Memory: 4k page, system-wide physical 7985M (260M free)
TotalPageFile size 32561M (AvailPageFile size 31M)
current process WorkingSet (physical memory assigned to process): 276M, peak: 276M
current process commit charge ("private bytes"): 330M, peak: 455M

vm_info: OpenJDK 64-Bit Server VM (17.0.10+0--11609105) for windows-amd64 JRE (17.0.10+0--11609105), built on Mar 21 2024 19:10:56 by "androidbuild" with MS VC++ 16.10 / 16.11 (VS2019)

END.
